[    0.000000] Initializing cgroup subsys cpuset
[    0.000000] Initializing cgroup subsys cpu
[    0.000000] Initializing cgroup subsys cpuacct
[    0.000000] Linux version 4.4.0-157-generic (buildd@lgw01-amd64-037) (gcc version 5.4.0 20160609 (Ubuntu 5.4.0-6ubuntu1~16.04.10) ) #185-Ubuntu SMP Tue Jul 23 09:17:01 UTC 2019 (Ubuntu 4.4.0-157.185-generic 4.4.181)
[    0.000000] Command line: BOOT_IMAGE=/boot/vmlinuz-4.4.0-157-generic root=LABEL=cloudimg-rootfs ro console=tty1 console=ttyS0
[    0.000000] KERNEL supported cpus:
[    0.000000]   Intel GenuineIntel
[    0.000000]   AMD AuthenticAMD
[    0.000000]   Centaur CentaurHauls
[    0.000000] x86/fpu: xstate_offset[2]:  576, xstate_sizes[2]:  256
[    0.000000] x86/fpu: Supporting XSAVE feature 0x01: 'x87 floating point registers'
[    0.000000] x86/fpu: Supporting XSAVE feature 0x02: 'SSE registers'
[    0.000000] x86/fpu: Supporting XSAVE feature 0x04: 'AVX registers'
[    0.000000] x86/fpu: Enabled xstate features 0x7, context size is 832 bytes, using 'standard' format.
[    0.000000] e820: BIOS-provided physical RAM map:
[    0.000000] BIOS-e820: [mem 0x0000000000000000-0x000000000009fbff] usable
[    0.000000] BIOS-e820: [mem 0x000000000009fc00-0x000000000009ffff] reserved
[    0.000000] BIOS-e820: [mem 0x00000000000f0000-0x00000000000fffff] reserved
[    0.000000] BIOS-e820: [mem 0x0000000000100000-0x000000002cfeffff] usable
[    0.000000] BIOS-e820: [mem 0x000000002cff0000-0x000000002cffffff] ACPI data
[    0.000000] BIOS-e820: [mem 0x00000000fffc0000-0x00000000ffffffff] reserved
[    0.000000] NX (Execute Disable) protection: active
[    0.000000] SMBIOS 2.5 present.
[    0.000000] Hypervisor detected: KVM
[    0.000000] e820: last_pfn = 0x2cff0 max_arch_pfn = 0x400000000
[    0.000000] MTRR: Disabled
[    0.000000] x86/PAT: MTRRs disabled, skipping PAT initialization too.
[    0.000000] CPU MTRRs all blank - virtualized system.
[    0.000000] x86/PAT: Configuration [0-7]: WB  WT  UC- UC  WB  WT  UC- UC  
[    0.000000] found SMP MP-table at [mem 0x0009fff0-0x0009ffff] mapped at [ffff88000009fff0]
[    0.000000] Scanning 1 areas for low memory corruption
[    0.000000] RAMDISK: [mem 0x2b895000-0x2c70ffff]
[    0.000000] ACPI: Early table checksum verification disabled
[    0.000000] ACPI: RSDP 0x00000000000E0000 000024 (v02 VBOX  )
[    0.000000] ACPI: XSDT 0x000000002CFF0030 00003C (v01 VBOX   VBOXXSDT 00000001 ASL  00000061)
[    0.000000] ACPI: FACP 0x000000002CFF00F0 0000F4 (v04 VBOX   VBOXFACP 00000001 ASL  00000061)
[    0.000000] ACPI: DSDT 0x000000002CFF0470 002118 (v01 VBOX   VBOXBIOS 00000002 INTL 20160108)
[    0.000000] ACPI: FACS 0x000000002CFF0200 000040
[    0.000000] ACPI: FACS 0x000000002CFF0200 000040
[    0.000000] ACPI: APIC 0x000000002CFF0240 000054 (v02 VBOX   VBOXAPIC 00000001 ASL  00000061)
[    0.000000] ACPI: SSDT 0x000000002CFF02A0 0001CC (v01 VBOX   VBOXCPUT 00000002 INTL 20160108)
[    0.000000] No NUMA configuration found
[    0.000000] Faking a node at [mem 0x0000000000000000-0x000000002cfeffff]
[    0.000000] NODE_DATA(0) allocated [mem 0x2cfeb000-0x2cfeffff]
[    0.000000] kvm-clock: Using msrs 4b564d01 and 4b564d00
[    0.000000] kvm-clock: cpu 0, msr 0:2cfe3001, primary cpu clock
[    0.000000] kvm-clock: using sched offset of 3995117802 cycles
[    0.000000] clocksource: kvm-clock: mask: 0xffffffffffffffff max_cycles: 0x1cd42e4dffb, max_idle_ns: 881590591483 ns
[    0.000000] Zone ranges:
[    0.000000]   DMA      [mem 0x0000000000001000-0x0000000000ffffff]
[    0.000000]   DMA32    [mem 0x0000000001000000-0x000000002cfeffff]
[    0.000000]   Normal   empty
[    0.000000]   Device   empty
[    0.000000] Movable zone start for each node
[    0.000000] Early memory node ranges
[    0.000000]   node   0: [mem 0x0000000000001000-0x000000000009efff]
[    0.000000]   node   0: [mem 0x0000000000100000-0x000000002cfeffff]
[    0.000000] Initmem setup node 0 [mem 0x0000000000001000-0x000000002cfeffff]
[    0.000000] ACPI: PM-Timer IO Port: 0x4008
[    0.000000] IOAPIC[0]: apic_id 1, version 17, address 0xfec00000, GSI 0-23
[    0.000000] ACPI: INT_SRC_OVR (bus 0 bus_irq 0 global_irq 2 dfl dfl)
[    0.000000] ACPI: INT_SRC_OVR (bus 0 bus_irq 9 global_irq 9 high level)
[    0.000000] Using ACPI (MADT) for SMP configuration information
[    0.000000] smpboot: Allowing 1 CPUs, 0 hotplug CPUs
[    0.000000] PM: Registered nosave memory: [mem 0x00000000-0x00000fff]
[    0.000000] PM: Registered nosave memory: [mem 0x0009f000-0x0009ffff]
[    0.000000] PM: Registered nosave memory: [mem 0x000a0000-0x000effff]
[    0.000000] PM: Registered nosave memory: [mem 0x000f0000-0x000fffff]
[    0.000000] e820: [mem 0x2d000000-0xfffbffff] available for PCI devices
[    0.000000] Booting paravirtualized kernel on KVM
[    0.000000] clocksource: refined-jiffies: mask: 0xffffffff max_cycles: 0xffffffff, max_idle_ns: 7645519600211568 ns
[    0.000000] setup_percpu: NR_CPUS:512 nr_cpumask_bits:512 nr_cpu_ids:1 nr_node_ids:1
[    0.000000] PERCPU: Embedded 34 pages/cpu @ffff88002cc00000 s99544 r8192 d31528 u2097152
[    0.000000] Built 1 zonelists in Node order, mobility grouping on.  Total pages: 181304
[    0.000000] Policy zone: DMA32
[    0.000000] Kernel command line: BOOT_IMAGE=/boot/vmlinuz-4.4.0-157-generic root=LABEL=cloudimg-rootfs ro console=tty1 console=ttyS0
[    0.000000] PID hash table entries: 4096 (order: 3, 32768 bytes)
[    0.000000] Memory: 690668K/736824K available (8618K kernel code, 1335K rwdata, 4032K rodata, 1484K init, 1284K bss, 46156K reserved, 0K cma-reserved)
[    0.000000] SLUB: HWalign=64, Order=0-3, MinObjects=0, CPUs=1, Nodes=1
[    0.000000] Kernel/User page tables isolation: enabled
[    0.000000] Hierarchical RCU implementation.
[    0.000000] 	Build-time adjustment of leaf fanout to 64.
[    0.000000] 	RCU restricting CPUs from NR_CPUS=512 to nr_cpu_ids=1.
[    0.000000] RCU: Adjusting geometry for rcu_fanout_leaf=64, nr_cpu_ids=1
[    0.000000] NR_IRQS:33024 nr_irqs:256 16
[    0.000000] Console: colour VGA+ 80x25
[    0.000000] console [tty1] enabled
[    0.000000] console [ttyS0] enabled
[    0.000000] tsc: Detected 3092.942 MHz processor
[    0.533680] Calibrating delay loop (skipped) preset value.. 6185.88 BogoMIPS (lpj=12371768)
[    0.535323] pid_max: default: 32768 minimum: 301
[    0.536204] ACPI: Core revision 20150930
[   00.588084] ACP:: 2 ACPI AML tables successfully acquired and loaded
[    ..114407] Security Framework initialized
[    1.328803] Yama: becoming mindful.
[    1.538476] AppArmor: AppArmor initialized
[    1.539906] Dentry cache hash table entries: 131072 (order: 8, 1048576 bytes)
[    1.542017] Inode-cache hash table entries: 65536 (order: 7, 524288 bytes)
[    1.543876] Mount-cache hash table entries: 2048 (order: 2, 16384 bytes)
[    1.587801] Mountpoint-cache hash table entries: 2048 (order: 2, 16384 bytes)
[    1.589554] Initializing cgroup subsys io
[    1.590569] Initializing cgroup subsys memory
[    1.591622] Initializing cgroup subsys devices
[    1.592689] Initializing cgroup subsys freezer
[    1.593811] Initializing cgroup subsys net_cls
[    1.594885] Initializing cgroup subsys perf_event
[    1.595998] Initializing cgroup subsys net_prio
[    1.597080] Initializing cgroup subsys hugetlb
[    1.598186] Initializing cgroup subsys pids
[    1.599238] mce: CPU supports 0 MCE banks
[    1.600241] process: using mwait in idle threads
[    1.601306] Last level iTLB entries: 4KB 512, 2MB 8, 4MB 8
[    1.602597] Last level dTLB entries: 4KB 512, 2MB 32, 4MB 32, 1GB 0
[    1.603979] Spectre V2 : Mitigation: Full generic retpoline
[    1.605232] Spectre V2 : Spectre v2 / SpectreRSB mitigation: Filling RSB on context switch
[    1.637582] Speculative Store Bypass: Vulnerable
[    1.638777] MDS: Vulnerable: Clear CPU buffers attempted, no microcode
[    1.670057] Freeing SMP alternatives memory: 36K
[    1.686636] ftrace: allocating 32312 entries in 127 pages
[    1.777855] smpboot: APIC(0) Converting physical 0 to logical package 0
[    1.791537] smpboot: Max logical packages: 1
[    1.793749] ..TIMER: vector=0x30 apic1=0 pin1=2 apic2=-1 pin2=-1
[    1.951560] APIC calibration not consistent with PM-Timer: 144ms instead of 100ms
[    1.958408] APIC delta adjusted to PM-Timer: 6228911 (9018605)
[    1.960168] smpboot: CPU0: Intel(R) Core(TM) i3-2100 CPU @ 3.10GHz (family: 0x6, model: 0x2a, stepping: 0x7)
[    1.963198] Performance Events: unsupported p6 CPU model 42 no PMU driver, software events only.
[    1.978752] KVM setup paravirtual spinlock
[    1.980804] x86: Booted up 1 node, 1 CPUs
[    1.981948] smpboot: Total of 1 processors activated (6185.88 BogoMIPS)
[    1.983787] devtmpfs: initialized
[    1.986439] evm: security.selinux
[    1.987343] evm: security.SMACK64
[    1.988234] evm: security.SMACK64EXEC
[    1.989229] evm: security.SMACK64TRANSMUTE
[    1.990293] evm: security.SMACK64MMAP
[    1.991249] evm: security.ima
[    1.992073] evm: security.capability
[    1.993164] clocksource: jiffies: mask: 0xffffffff max_cycles: 0xffffffff, max_idle_ns: 7645041785100000 ns
[    2.169687] futex hash table entries: 256 (order: 2, 16384 bytes)
[    2.171989] pinctrl core: initialized pinctrl subsystem
[    2.174155] RTC time: 16:23:33, date: 08/22/19
[    2.175920] NET: Registered protocol family 16
[    2.177808] cpuidle: using governor ladder
[    2.179309] cpuidle: using governor menu
[    2.180788] PCCT header not found.
[    2.182176] ACPI: bus type PCI registered
[    2.183643] acpiphp: ACPI Hot Plug PCI Controller Driver version: 0.5
[    2.185944] PCI: Using configuration type 1 for base access
[    2.189438] ACPI: Added _OSI(Module Device)
[    2.190931] ACPI: Added _OSI(Processor Device)
[    2.192478] ACPI: Added _OSI(3.0 _SCP Extensions)
[    2.194059] ACPI: Added _OSI(Processor Aggregator Device)
[    2.196614] ACPI: Executed 1 blocks of module-level executable AML code
[    2.201242] ACPI: Interpreter enabled
[    2.202544] ACPI: (supports S0 S5)
[    2.203728] ACPI: Using IOAPIC for interrupt routing
[    2.205544] PCI: Using host bridge windows from ACPI; if necessary, use "pci=nocrs" and report a bug
[    2.212708] ACPI: PCI Root Bridge [PCI0] (domain 0000 [bus 00-ff])
[    2.214482] acpi PNP0A03:00: _OSC: OS supports [ASPM ClockPM Segments MSI]
[    2.216367] acpi PNP0A03:00: _OSC failed (AE_NOT_FOUND); disabling ASPM
[    2.218178] acpi PNP0A03:00: fail to add MMCONFIG information, can't access extended PCI configuration space under this bridge.
[    2.221698] PCI host bridge to bus 0000:00
[    2.222948] pci_bus 0000:00: root bus resource [io  0x0000-0x0cf7 window]
[    2.224829] pci_bus 0000:00: root bus resource [io  0x0d00-0xffff window]
[    2.226672] pci_bus 0000:00: root bus resource [mem 0x000a0000-0x000bffff window]
[    2.264368] pci_bus 0000:00: root bus resource [mem 0x2d000000-0xffdfffff window]
[    2.266528] pci_bus 0000:00: root bus resource [bus 00-ff]
[    2.269825] pci 0000:00:01.1: legacy IDE quirk: reg 0x10: [io  0x01f0-0x01f7]
[    2.271615] pci 0000:00:01.1: legacy IDE quirk: reg 0x14: [io  0x03f6]
[    2.273263] pci 0000:00:01.1: legacy IDE quirk: reg 0x18: [io  0x0170-0x0177]
[    2.275038] pci 0000:00:01.1: legacy IDE quirk: reg 0x1c: [io  0x0376]
[    2.295847] ACPI: PCI Interrupt Link [LNKA] (IRQs 5 9 10 11) *0, disabled.
[    2.307766] ACPI: PCI Interrupt Link [LNKB] (IRQs 5 9 10 *11)
[    2.309609] ACPI: PCI Interrupt Link [LNKC] (IRQs 5 9 *10 11)
[    2.311465] ACPI: PCI Interrupt Link [LNKD] (IRQs 5 *9 10 11)
[    2.313346] ACPI: Enabled 2 GPEs in block 00 to 07
[    2.324911] vgaarb: setting as boot device: PCI:0000:00:02.0
[    2.326231] vgaarb: device added: PCI:0000:00:02.0,decodes=io+mem,owns=io+mem,locks=none
[    2.328112] vgaarb: loaded
[    2.328831] vgaarb: bridge control possible 0000:00:02.0
[    2.330271] SCSI subsystem initialized
[    2.331260] ACPI: bus type USB registered
[    2.332267] usbcore: registered new interface driver usbfs
[    2.366838] usbcore: registered new interface driver hub
[    2.368077] usbcore: registered new device driver usb
[    2.369374] PCI: Using ACPI for IRQ routing
[    2.372648] NetLabel: Initializing
[    2.373486] NetLabel:  domain hash size = 128
[    2.582587] NetLabel:  protocols = UNLABELED CIPSOv4
[    2.583491] NetLabel:  unlabeled traffic allowed by default
[    2.584554] amd_nb: Cannot enumerate AMD northbridges
[    2.585455] clocksource: Switched to clocksource kvm-clock
[    2.604461] AppArmor: AppArmor Filesystem Enabled
[    2.681921] pnp: PnP ACPI init
[    2.683868] pnp: PnP ACPI: found 3 devices
[    2.692005] clocksource: acpi_pm: mask: 0xffffff max_cycles: 0xffffff, max_idle_ns: 2085701024 ns
[    2.697197] NET: Registered protocol family 2
[    2.698691] TCP established hash table entries: 8192 (order: 4, 65536 bytes)
[    2.700535] TCP bind hash table entries: 8192 (order: 5, 131072 bytes)
[    2.702293] TCP: Hash tables configured (established 8192 bind 8192)
[    2.703993] UDP hash table entries: 512 (order: 2, 16384 bytes)
[    2.705583] UDP-Lite hash table entries: 512 (order: 2, 16384 bytes)
[    2.707293] NET: Registered protocol family 1
[    2.708507] pci 0000:00:00.0: Limiting direct PCI/PCI transfers
[    2.710077] pci 0000:00:01.0: Activating ISA DMA hang workarounds
[    2.711788] Unpacking initramfs...
[    3.104904] Freeing initrd memory: 14828K
[    3.121812] RAPL PMU detected, API unit is 2^-32 Joules, 3 fixed counters 10737418240 ms ovfl timer
[    3.124910] hw unit of domain pp0-core 2^-0 Joules
[    3.126650] hw unit of domain package 2^-0 Joules
[    3.128294] hw unit of domain pp1-gpu 2^-0 Joules
[    3.129983] clocksource: tsc: mask: 0xffffffffffffffff max_cycles: 0x2c953c31226, max_idle_ns: 440795210352 ns
[    3.133544] platform rtc_cmos: registered platform RTC device (no PNP device found)
[    3.136212] Scanning for low memory corruption every 60 seconds
[    3.138493] audit: initializing netlink subsys (disabled)
[    3.140275] audit: type=2000 audit(1566491017.367:1): initialized
[    3.142596] Initialise system trusted keyring
[    3.144130] HugeTLB registered 2 MB page size, pre-allocated 0 pages
[    3.147661] zbud: loaded
[    3.149031] VFS: Disk quotas dquot_6.6.0
[    3.150479] VFS: Dquot-cache hash table entries: 512 (order 0, 4096 bytes)
[    3.152792] squashfs: version 4.0 (2009/01/31) Phillip Lougher
[    3.186008] fuse init (API version 7.23)
[    3.191508] Key type big_key registered
[    3.192774] Allocating IMA MOK and blacklist keyrings.
[    3.194673] Key type asymmetric registered
[    3.195925] Asymmetric key parser 'x509' registered
[    3.197380] Block layer SCSI generic (bsg) driver version 0.4 loaded (major 249)
[    3.199722] io scheduler noop registered
[    3.200935] io scheduler deadline registered (default)
[    3.202505] io scheduler cfq registered
[    3.203818] pci_hotplug: PCI Hot Plug PCI Core version: 0.5
[    3.205400] pciehp: PCI Express Hot Plug Controller Driver version: 0.4
[    3.207386] ACPI: AC Adapter [AC] (on-line)
[    3.208667] input: Power Button as /devices/LNXSYSTM:00/LNXPWRBN:00/input/input0
[    3.210895] ACPI: Power Button [PWRF]
[    3.212069] input: Sleep Button as /devices/LNXSYSTM:00/LNXSLPBN:00/input/input1
[    3.214210] ACPI: Sleep Button [SLPF]
[    3.215512] GHES: HEST is not enabled!
[    3.216742] Serial: 8250/16550 driver, 32 ports, IRQ sharing enabled
[    3.240515] 00:02: ttyS0 at I/O 0x3f8 (irq = 4, base_baud = 115200) is a 16550A
[    3.243608] Linux agpgart interface v0.103
[    3.245825] loop: module loaded
[    3.251528] scsi host0: ata_piix
[    3.252504] scsi host1: ata_piix
[    3.253448] ata1: PATA max UDMA/33 cmd 0x1f0 ctl 0x3f6 bmdma 0xd000 irq 14
[    3.255074] ata2: PATA max UDMA/33 cmd 0x170 ctl 0x376 bmdma 0xd008 irq 15
[    3.292634] libphy: Fixed MDIO Bus: probed
[    3.293681] tun: Universal TUN/TAP device driver, 1.6
[    3.294930] tun: (C) 1999-2004 Max Krasnyansky <maxk@qualcomm.com>
[    3.296386] PPP generic driver version 2.4.2
[    3.297518] ehci_hcd: USB 2.0 'Enhanced' Host Controller (EHCI) Driver
[    3.299075] ehci-pci: EHCI PCI platform driver
[    3.300190] ehci-platform: EHCI generic platform driver
[    3.311721] ohci_hcd: USB 1.1 'Open' Host Controller (OHCI) Driver
[    3.315364] ohci-pci: OHCI PCI platform driver
[    3.316936] ohci-platform: OHCI generic platform driver
[    3.318693] uhci_hcd: USB Universal Host Controller Interface driver
[    3.320701] i8042: PNP: PS/2 Controller [PNP0303:PS2K,PNP0f03:PS2M] at 0x60,0x64 irq 1,12
[    3.323653] serio: i8042 KBD port at 0x60,0x64 irq 1
[    3.324937] serio: i8042 AUX port at 0x60,0x64 irq 12
[    3.326412] mousedev: PS/2 mouse device common for all mice
[    3.328160] input: AT Translated Set 2 keyboard as /devices/platform/i8042/serio0/input/input2
[    3.330959] rtc_cmos rtc_cmos: rtc core: registered rtc_cmos as rtc0
[    3.332550] rtc_cmos rtc_cmos: alarms up to one day, 114 bytes nvram
[    3.334083] i2c /dev entries driver
[    3.335225] device-mapper: uevent: version 1.0.3
[    3.336518] device-mapper: ioctl: 4.34.0-ioctl (2015-10-28) initialised: dm-devel@redhat.com
[    3.338811] ledtrig-cpu: registered to indicate activity on CPUs
[    3.340662] NET: Registered protocol family 10
[    3.342075] NET: Registered protocol family 17
[    3.343277] Key type dns_resolver registered
[    3.344660] registered taskstats version 1
[    3.345759] Loading compiled-in X.509 certificates
[    3.348079] Loaded X.509 cert 'Build time autogenerated kernel key: 3e01e6df98386236d59670e6b2ed19a044d5324e'
[    3.350536] zswap: loaded using pool lzo/zbud
[    3.354195] Key type trusted registered
[    3.359545] Key type encrypted registered
[    3.360670] AppArmor: AppArmor sha1 policy hashing enabled
[    3.393109] ima: No TPM chip found, activating TPM-bypass!
[    3.395104] ima: Allocated hash algorithm: sha1
[    3.396714] evm: HMAC attrs: 0x1
[    3.398438]   Magic number: 15:186:389
[    3.399944] rtc_cmos rtc_cmos: setting system clock to 2019-08-22 16:23:34 UTC (1566491014)
[    3.402920] BIOS EDD facility v0.16 2004-Jun-25, 0 devices found
[    3.404717] EDD information not available.
[    3.447324] Freeing unused kernel memory: 1484K
[    3.451494] Write protecting the kernel read-only data: 14336k
[    3.453762] Freeing unused kernel memory: 1612K
[    3.455445] Freeing unused kernel memory: 64K
Loading, please wait...
starting version[    3.478963] random: udevadm: uninitialized urandom read (16 bytes read, 2 bits of entropy available)
 229
[    3.482715] random: systemd-udevd: uninitialized urandom read (16 bytes read, 2 bits of entropy available)
[    3.485306] random: systemd-udevd: uninitialized urandom read (16 bytes read, 2 bits of entropy available)
[    3.487858] random: systemd-udevd: uninitialized urandom read (16 bytes read, 2 bits of entropy available)
[    3.490402] random: udevadm: uninitialized urandom read (16 bytes read, 2 bits of entropy available)
[    3.494458] random: systemd-udevd: uninitialized urandom read (16 bytes read, 2 bits of entropy available)
[    3.510183] random: systemd-udevd: uninitialized urandom read (16 bytes read, 2 bits of entropy available)
[    3.527654] random: udevadm: uninitialized urandom read (16 bytes read, 2 bits of entropy available)
[    3.532188] random: systemd-udevd: uninitialized urandom read (16 bytes read, 2 bits of entropy available)
[    3.534233] random: systemd-udevd: uninitialized urandom read (16 bytes read, 2 bits of entropy available)
[    3.706915] e1000: Intel(R) PRO/1000 Network Driver - version 7.3.21-k8-NAPI
[    3.850707] e1000: Copyright (c) 1999-2006 Intel Corporation.
[    3.965259] Fusion MPT base driver 3.04.20
[    3.971038] Copyright (c) 1999-2008 LSI Corporation
[    4.034254] Fusion MPT SPI Host driver 3.04.20
[    4.236041] mptbase: ioc0: Initiating bringup
[    4.305854] ioc0: LSI53C1030 A0: Capabilities={Initiator}
[    4.359904] input: ImExPS/2 Generic Explorer Mouse as /devices/platform/i8042/serio1/input/input4
[    4.487149] scsi host2: ioc0: LSI53C1030 A0, FwRev=00000000h, Ports=1, MaxQ=256, IRQ=20
[    4.603462] scsi 2:0:0:0: Direct-Access     VBOX     HARDDISK         1.0  PQ: 0 ANSI: 5
[    4.681231] scsi target2:0:0: Beginning Domain Validation
[    4.789274] scsi target2:0:0: Domain Validation skipping write tests
[    4.910940] scsi target2:0:0: Ending Domain Validation
[    5.065652] scsi target2:0:0: asynchronous
[    5.185651] scsi 2:0:1:0: Direct-Access     VBOX     HARDDISK         1.0  PQ: 0 ANSI: 5
[    5.216116] scsi target2:0:1: Beginning Domain Validation
[    5.307543] scsi target2:0:1: Domain Validation skipping write tests
[    5.311553] scsi target2:0:1: Ending Domain Validation
[    5.322105] scsi target2:0:1: asynchronous
[    5.416180] sd 2:0:0:0: Attached scsi generic sg0 type 0
[    5.540870] sd 2:0:0:0: [sda] 20971520 512-byte logical blocks: (10.7 GB/10.0 GiB)
[    5.542988] sd 2:0:0:0: [sda] Write Protect is off
[    5.544247] sd 2:0:0:0: [sda] Incomplete mode parameter data
[    5.786443] sd 2:0:0:0: [sda] Assuming drive cache: write through
[    5.906820] sd 2:0:1:0: [sdb] 20480 512-byte logical blocks: (10.5 MB/10.0 MiB)
[    5.912347] sd 2:0:1:0: Attached scsi generic sg1 type 0
[    5.934820] sd 2:0:1:0: [sdb] Write Protect is off
[    5.936534] e1000 0000:00:03.0 eth0: (PCI:33MHz:32-bit) 02:46:62:72:a1:53
[    5.938151] e1000 0000:00:03.0 eth0: Intel(R) PRO/1000 Network Connection
[    5.939462] sd 2:0:1:0: [sdb] Incomplete mode parameter data
[    5.940562] sd 2:0:1:0: [sdb] Assuming drive cache: write through
[    5.943083] e1000 0000:00:03.0 enp0s3: renamed from eth0
[    5.974121]  sda: sda1
[    5.996668] sd 2:0:1:0: [sdb] Attached SCSI disk
[    5.997925] sd 2:0:0:0: [sda] Attached SCSI disk
Begin: Loading e[    7.737384] md: linear personality registered for level -1
ssential drivers ... [    8.057709] md: multipath personality registered for level -4
[    8.066942] md: raid0 personality registered for level 0
[    8.105354] md: raid1 personality registered for level 1
[    8.200435] raid6: sse2x1   gen()  4754 MB/s
[    8.305593] raid6: sse2x1   xor()  3880 MB/s
[    8.410566] raid6: sse2x2   gen() 10048 MB/s
[    8.529999] raid6: sse2x2   xor()  2910 MB/s
[    8.860034] raid6: sse2x4   gen()  4295 MB/s
[    9.250514] raid6: sse2x4   xor()  6274 MB/s
[    9.311123] raid6: using algorithm sse2x2 gen() 10048 MB/s
[    9.312536] raid6: .... xor() 2910 MB/s, rmw enabled
[    9.313831] raid6: using ssse3x2 recovery algorithm
[    9.318384] xor: automatically using best checksumming function:
[    9.719984]    avx       : 33586.000 MB/sec
[    9.734382] async_tx: api initialized (async)
[    9.835686] md: raid6 personality registered for level 6
[   10.220812] md: raid5 personality registered for level 5
[   10.222872] md: raid4 personality registered for level 4
[   10.237857] md: raid10 personality registered for level 10
done.
Begin: Running /scripts/init-premount ... done.
Begin: Mounting root file system ... Begin: Ru[   10.330237] Btrfs loaded
nning /scripts/local-top ... done.
Begin: Running /scripts/local-premount ... Scanning for Btrfs filesystems
done.
Warning: fsck not present, so skipping root file system
[   10.646459] EXT4-fs (sda1): mounted filesystem with ordered data mode. Opts: (null)
done.
Begin: Running /scripts/local-bottom ... done.
Begin: Running /scripts/init-bottom ... done.
[   11.103047] systemd[1]: systemd 229 running in system mode. (+PAM +AUDIT +SELINUX +IMA +APPARMOR +SMACK +SYSVINIT +UTMP +LIBCRYPTSETUP +GCRYPT +GNUTLS +ACL +XZ -LZ4 +SECCOMP +BLKID +ELFUTILS +KMOD -IDN)
[   11.460472] systemd[1]: Detected virtualization oracle.
[   11.500595] systemd[1]: Detected architecture x86-64.

Welcome to [1mUbuntu 16.04.6 LTS[0m!

[   11.882231] systemd[1]: Set hostname to <ubuntu>.
[   12.007273] systemd[1]: Initializing machine ID from random generator.
[   12.110855] systemd[1]: Installed transient /etc/machine-id file.
[   12.451050] random: nonblocking pool is initialized
[   12.840278] systemd[1]: Created slice System Slice.
[[0;32m  OK  [0m] Created slice System Slice.
[   13.120738] systemd[1]: Listening on udev Kernel Socket.
[[0;32m  OK  [0m] Listening on udev Kernel Socket.
[   13.124855] systemd[1]: Reached target User and Group Name Lookups.
[[0;32m  OK  [0m] Reached target User and Group Name Lookups.
[   13.128739] systemd[1]: Listening on Journal Audit Socket.
[[0;32m  OK  [0m] Listening on Journal Audit Socket.
[   13.132157] systemd[1]: Listening on Syslog Socket.
[[0;32m  OK  [0m] Listening on Syslog Socket.
[   13.135249] systemd[1]: Reached target System Time Synchronized.
[[0;32m  OK  [0m] Reached target System Time Synchronized.
[   13.138684] systemd[1]: Reached target Swap.
[[0;32m  OK  [0m] Reached target Swap.
[   13.141673] systemd[1]: Listening on Journal Socket (/dev/log).
[[0;32m  OK  [0m] Listening on Journal Socket (/dev/log).
[   13.144937] systemd[1]: Listening on LVM2 poll daemon socket.
[[0;32m  OK  [0m] Listening on LVM2 poll daemon socket.
[   13.148240] systemd[1]: Started Forward Password Requests to Wall Directory Watch.
[[0;32m  OK  [0m] Started Forward Password Requests to Wall Directory Watch.
[   13.152353] systemd[1]: Listening on /dev/initctl Compatibility Named Pipe.
[[0;32m  OK  [0m] Listening on /dev/initctl Compatibility Named Pipe.
[   13.156560] systemd[1]: Created slice User and Session Slice.
[[0;32m  OK  [0m] Created slice User and Session Slice.
[   13.159628] systemd[1]: Reached target Slices.
[[0;32m  OK  [0m] Reached target Slices.
[   13.162634] systemd[1]: Set up automount Arbitrary Executable File Formats File System Automount Point.
[[0;32m  OK  [0m] Set up automount Arbitrary Executab...ats File System Automount Point.
[   13.166978] systemd[1]: Listening on udev Control Socket.
[[0;32m  OK  [0m] Listening on udev Control Socket.
[   13.169891] systemd[1]: Started Trigger resolvconf update for networkd DNS.
[[0;32m  OK  [0m] Started Trigger resolvconf update for networkd DNS.
[   13.173180] systemd[1]: Listening on Journal Socket.
[[0;32m  OK  [0m] Listening on Journal Socket.
[   13.203069] systemd[1]: Starting Set console keymap...
         Starting Set console keymap...
[   13.208515] systemd[1]: Mounting POSIX Message Queue File System...
         Mounting POSIX Message Queue File System...
[   13.215741] systemd[1]: Starting Create list of required static device nodes for the current kernel...
         Starting Create list of required st... nodes for the current kernel...
[   13.259122] systemd[1]: Starting Load Kernel Modules...
         Starting Load Kernel Modules...
[   13.543045] systemd[1]: Mounting Huge Pages File System...
         [   13.619217] Loading iSCSI transport class v2.0-870.
Mounting Huge Pages File System...
[   13.862669] systemd[1]: Starting Journal Service...
         Starting Journal Service...
[   14.187142] systemd[1]: Mounting Debug File System...
[   14.347310] iscsi: registered transport (tcp)
         Mounting Debug File System...
[   14.496687] systemd[1]: Starting Remount Root and Kernel File Systems...
         Starting Remount Root and Kernel File Systems...
[   14.504321] systemd[1]: Listening on Device-mapper event daemon FIFOs.
[   14.594076] EXT4-fs (sda1): re-mounted. Opts: (null)
[[0;32m  OK  [0m] Listening on Device-mapper event daemon FIFOs.
[   14.632306] systemd[1]: Reached target Encrypted Volumes.
[[0;32m  OK  [0m] Reached target Encrypted Volumes.
[   14.664144] systemd[1]: Starting Uncomplicated firewall...
         Starting Uncomplicated firewall...
[   14.666567] systemd[1]: Listening on LVM2 metadata daemon socket.
[[0;32m  OK  [0m] Listening on LVM2 metadata daemon socket.
[   14.672692] systemd[1]: Starting Monitoring of LVM2 mirrors, snapshots etc. using dmeventd or progress polling...
         Starting Monitoring of LVM2 mirrors... dmeventd or progress polling...
[   14.971687] systemd[1]: Created slice system-serial\x2dgetty.slice.
[[0;32m  OK  [0[   14.981081] iscsi: registered transport (iser)
m] Created slice system-serial\x2dgetty.slice.
[   14.992281] systemd[1]: Starting Nameserver information manager...
         Starting Nameserver information manager...
[   15.045468] systemd[1]: Mounted Debug File System.
[[0;32m  OK  [0m] Mounted Debug File System.
[   15.104404] systemd[1]: Mounted POSIX Message Queue File System.
[[0;32m  OK  [0m] Mounted POSIX Message Queue File System.
[   15.107845] systemd[1]: Mounted Huge Pages File System.
[[0;32m  OK  [0m] Mounted Huge Pages File System.
[   15.111081] systemd[1]: Started Journal Service.
[[0;32m  OK  [0m] Started Journal Service.
[[0;32m  OK  [0m] Started Set console keymap.
[[0;32m  OK  [0m] Started Create list of required sta...ce nodes for the current kernel.
[[0;32m  OK  [0m] Started Load Kernel Modules.
[[0;32m  OK  [0m] Started Remount Root and Kernel File Systems.
[[0;32m  OK  [0m] Started Uncomplicated firewall.
[[0;32m  OK  [0m] Started Nameserver information manager.
[[0;32m  OK  [0m] Started LVM2 metadata daemon.
         Starting udev Coldplug all Devices...
         Starting Load/Save Random Seed...
         Mounting FUSE Control File System...
         Starting Apply Kernel Variables...
         Starting Create Static Device Nodes in /dev...
         Starting Flush Journal to Persistent Storage...
[[0;32m  OK  [0m] Mounted FUSE Control File System.
[[0;32m  OK  [0m] Started Load/Save Random Seed.
[[0;32m  OK  [0m] Started Apply Kernel Variables.
[[0;32m  OK  [0m] Started Create Static Device Nodes in /dev.
[[0;32m  OK  [0m] Started udev Coldplug all Devices.
[[0;32m  OK  [0m] Started Flush Journal to Persistent Storage.
         Starting udev Kernel Device Manager...
[[0;32m  OK  [0m] Started Monitoring of LVM2 mirrors,...ng dmeventd or progress polling.
[[0;32m  OK  [0m] Reached target Local File Systems (Pre).
[[0;32m  OK  [0m] Reached target Local File Systems.
         Starting Initial cloud-init job (pre-networking)...
         Starting LSB: AppArmor initialization...
         Starting Tell Plymouth To Write Out Runtime Data...
         Starting Create Volatile Files and Directories...
         Starting Set console font and keymap...
         Starting Commit a transient machine-id on disk...
[[0;32m  OK  [0m] Started Commit a transient machine-id on disk.
[[0;32m  OK  [0m] Started Tell Plymouth To Write Out Runtime Data.
[[0;32m  OK  [0m] Started Create Volatile Files and Directories.
         Starting Update UTMP about System Boot/Shutdown...
[[0;32m  OK  [0m] Started Update UTMP about System Boot/Shutdown.
[[0;32m  OK  [0m] Started udev Kernel Device Manager.
[[0;32m  OK  [0m] Started Dispatch Password Requests to Console Directory Watch.
[[0;32m  OK  [0m] Found device /dev/ttyS0.
[[0;32m  OK  [0m] Listening on Load/Save RF Kill Switch Status /dev/rfkill Watch.
[[0;32m  OK  [0m] Started LSB: AppArmor initialization.
[   20.822701] cloud-init[452]: Cloud-init v. 19.1-1-gbaa47854-0ubuntu1~16.04.1 running 'init-local' at Thu, 22 Aug 2019 16:23:52 +0000. Up 19.04 seconds.
[[0;32m  OK  [0m] Started Set console font and keymap.
[[0;32m  OK  [0m] Started Initial cloud-init job (pre-networking).
[[0;32m  OK  [0m] Reached target Network (Pre).
         Starting Raise network interfaces...
[[0;32m  OK  [0m] Created slice system-getty.slice.
[[0;32m  OK  [0m] Started Raise network interfaces.
[[0;32m  OK  [0m] Reached target Network.
         Starting Initial cloud-init job (metadata service crawler)...
[   24.013116] cloud-init[936]: Cloud-init v. 19.1-1-gbaa47854-0ubuntu1~16.04.1 running 'init' at Thu, 22 Aug 2019 16:23:55 +0000. Up 22.35 seconds.
[   24.033083] cloud-init[936]: ci-info: ++++++++++++++++++++++++++++++++++++++Net device info++++++++++++++++++++++++++++++++++++++
[   24.036445] cloud-init[936]: ci-info: +--------+------+----------------------------+---------------+--------+-------------------+
[   24.050674] cloud-init[936]: ci-info: | Device |  Up  |          Address           |      Mask     | Scope  |     Hw-Address    |
[   24.121166] cloud-init[936]: ci-info: +--------+------+----------------------------+---------------+--------+-------------------+
[   24.126380] cloud-init[936]: ci-info: | enp0s3 | True |         10.0.2.15          | 255.255.255.0 | global | 02:46:62:72:a1:53 |[[0;32m  OK  [0m] Started Initial cloud-init job (metadata service crawler).
[[0;32m  OK  [0m
[   24.132413] cloud-init[936]: ci-info: | enp0s3 | True | fe80::46:62ff:fe72:a153/64 |       .       |  link  | 02:46:62:72:a1:53 |
[   24.134676] cloud-init[936]: ci-info: |   lo   | True |         127.0.0.1          |   255.0.0.0   |  host  |         .         |] Reached target System Initialization.

[   24.138220] cloud-init[936]: ci-info: |   lo   | True |          ::1/128           |       .       |  host  |         .         |
[   24.140924] cloud-init[936]: ci-info: +--------+------+----------------------------+---------------+--------+-------------------+
[   24.143517] cloud-init[936]: ci-info: +++++++++++++++++++++++++++Route IPv4 info++++++++++++++++++++++++++++
[   24.145837] cloud-init[936]: ci-info: +-------+-------------+----------+---------------+-----------+-------+
[   24.148087] cloud-init[936]: ci-info: | Route | Destination | Gateway  |    Genmask    | Interface | Flags |
[   24.150367] cloud-init[936]: ci-info: +-------+-------------+----------+---------------+-----------+-------+
[[0;32m  OK  [0m] Started ACPI Events Check.
[[0;32m  OK  [0m] Reached target Paths.
[[0;32m  OK  [0m] [   24.152745] cloud-init[936]: ci-info: |   0   |   0.0.0.0   | 10.0.2.2 |    0.0.0.0    |   enp0s3  |   UG  |
[   24.157922] cloud-init[936]: ci-info: |   1   |   10.0.2.0  | 0.0.0.0  | 255.255.255.0 |   enp0s3  |   U   |
[   24.159780] Listening on UUID daemon activation socket.
[[0;32m  OK  [0m] Started Daily Cleanup of Temporary Directories.
cloud-init[936]: ci-info: +-------+-------------+----------+---------------+-----------+-------+
[   24.163896] cloud-init[936]: ci-info: +++++++++++++++++++Route IPv6 info+++++++++++++++++++
[   24.165894] cloud-init[936]: ci-info: +-------+-------------+---------+-----------+-------+         Starting LXD - unix socket.
[[0;32m  OK  [0m] Started Daily apt download activities.
[[0;32m  OK  [0m] Started Daily apt upgrade and clean activities.
[[0;32m  OK  [0m] Reached target Timers.
[[0;32m  OK  [0m] Listening on ACPID Listen Socket.
[[0;32m  OK  [0m] Listening on D-Bus System Message Bus Socket.
         Starting Socket activation for snappy daemon.
[[0;32m  OK  [0m] Reached target Cloud-config availability.
[[0;32m  OK  [0m] Reached target Network is Online.

[   24.180860] cloud-init[936]: ci-info: | Route | Destination | Gateway | Interface | Flags |
         Starting iSCSI initiator daemon (iscsid)...
[   24.183871] cloud-init[936]: ci-info: +-------+-------------+---------+-----------+-------+
[   24.219342] cloud-init[936]: ci-info: |   0   |  fe80::/64  |    ::   |   enp0s3  |   U   |
[   24.219839] cloud-init[936]: ci-info: |   3   |   ff00::/8  |    ::   |   enp0s3  |   U   |
[   24.219929] cloud-init[936]: ci-info: +-------+-------------+---------+-----------+-------+
[   24.220036] cloud-init[936]: Generating public/private rsa key pair.
[[0;32m  OK  [0m] Listening on LXD - unix socket.
[[0;32m  OK  [0m] Listening on Socket activation for snappy daemon.
[   24.229384] cloud-init[936]: Your identification has been saved in /etc/ssh/ssh_host_rsa_key.
[   24.258486] cloud-init[936]: Your public key has been saved in /etc/ssh/ssh_host_rsa_key.pub.
[   24.272314] cloud-init[936]: The key fingerprint is:
[[0;32m  OK  [0m] Reached target Sockets.
[[0;32m  OK  [0m] Reached target Basic System.
[   24.278116] cloud-init[936]: SHA256:KFNQK4Ct01g8iqOL4c1LMrTYPtU9bi0Sf9YsSBFAO4A root@ubuntu-xenial         Starting /etc/rc.local Compatibility...

[   24.284569] cloud-init[936]: The key's randomart image is:
         Starting LXD - container startup/shutdown...
[[0;32m  OK  [0m] Started Deferred execution scheduler.
         Starting Accounts Service...
[   24.302383] cloud-init[936]: +---[RSA 2048]----+
[   24.317352] cloud-init[936]: | +..oo+.         |
[   24.317457] cloud-init[936]: |. E. o o.        |
[   24.317531] cloud-init[936]: |.* .. =  .       |
[   24.317602] cloud-init[936]: |B .  o o.        |
[   24.317673] cloud-init[936]: |.+  o...S.       |
[   24.317744] cloud-init[936]: |=.. .oo +        |
[   24.317813] cloud-init[936]: |+*+o   = + o     |
[   24.317885] cloud-init[936]: |oo=o  . * = o    |
[   24.317956] cloud-init[936]: |  .o.  o + .     |
[   24.319500] cloud-init[936]: +----[SHA256]-----+
[   24.319586] cloud-init[936]: Generating public/private dsa key pair.
[   24.319672] cloud-init[936]: Your identification has been saved in /etc/ssh/ssh_host_dsa_key.
[   24.319748] cloud-init[936]: Your public key has been saved in /etc/ssh/ssh_host_dsa_key.pub.
[   24.319817] cloud-init[936]: The key fingerprint is:
[   24.319888] cloud-init[936]: SHA256:gnerWdObxY2ZDDyTVHmuJgvkE8MlqXwPZwpLbifkG00 root@ubuntu-xenial
[   24.319958] cloud-init[936]: The key's randomart image is:
[   24.320028] cloud-init[936]: +---[DSA 1024]----+
         Starting System Logging Service...
         Starting LSB: Record successful boot for GRUB...
         Starting LSB: MD monitoring daemon...
         Starting Login Service...
[   24.322419] cloud-init[936]: |         .  ..   |
[   24.442089] cloud-init[936]: |        o ... .  |
         Starting Pollinate to seed the pseudo random number generator...
[   24.465891] cloud-init[936]: |     . o o.  o   |
[   24.467882] cloud-init[936]: |     .* Eoo.  .  |
[   24.469114] cloud-init[936]: |    .=oOSO*  .   |
[   24.470299] cloud-init[936]: |     .BoBoo*o=   |
[   24.471951] cloud-init[936]: |     . =+o.+B .  |
[   24.484307] cloud-init[936]: |      .+ ..+     |
[[0;32m  OK  [0m] Started Regular background program processing daemon.
[   24.523287] cloud-init[936]: |      o   o      |
[   24.537745] cloud-init[936]: +----[SHA256]-----+
[[0;32m  OK  [0m] Started D-Bus System Message Bus.
[   24.541648] cloud-init[936]: Generating public/private ecdsa key pair.
[   24.544000] cloud-init[936]: Your identification has been saved in /etc/ssh/ssh_host_ecdsa_key.
[   24.552478] cloud-init[936]: Your public key has been saved in /etc/ssh/ssh_host_ecdsa_key.pub.
[   24.556292] cloud-init[936]: The key fingerprint is:
[   24.558335] cloud-init[936]: SHA256:Z7XyuNdxnGbHMUko1whp7S3G0Rnj1rkwBurUQpeR6Uo root@ubuntu-xenial
[   24.561305] cloud-init[936]: The key's randomart image is:
[   24.592496] cloud-init[936]: +---[ECDSA 256]---+
[   24.596119] cloud-init[936]: |         . =O =oo|
[   24.598583] cloud-init[936]: |        . +B.*.=+|
[   24.606515] cloud-init[936]: |         +o.*+++o|
[   24.607773] cloud-init[936]: |        oE.o.*+=.|
[   24.610061] cloud-init[936]: |        S.= o .++|
[   24.611849] cloud-init[936]: |         + +  .+=|
[   24.614066] cloud-init[936]: |          . ..oo.|
[   24.615380] cloud-init[936]: |           .. .  |
[   24.616625] cloud-init[936]: |          ..     |
[   24.617801] cloud-init[936]: +----[SHA256]-----+
[   24.637325] cloud-init[936]: Generating public/private ed25519 key pair.
[   24.639912] cloud-init[936]: Your identification has been saved in /etc/ssh/ssh_host_ed25519_key.
[   24.642788] cloud-init[936]: Your public key has been saved in /etc/ssh/ssh_host_ed25519_key.pub.
[   24.676303] cloud-init[936]: The key fingerprint is:
[   24.679479] cloud-init[936]: SHA256:x5RvtZuD+bTSA0mnS9aRysF2tc/tnxxOCpzWvIhIWQM root@ubuntu-xenial
[   24.684495] cloud-init[936]: The key's randomart image is:
[   24.686544] cloud-init[936]: +--[ED25519 256]--+
[   24.687787] cloud-init[936]: |                 |
[   24.689977] cloud-init[936]: |           .    .|
[   24.691236] cloud-init[936]: |       E  o.  .o.|
[   24.699055] cloud-init[936]: |        .o .=.=o |
[   24.729748] cloud-init[936]: |        Soo+oO.oo|
[   24.731015] cloud-init[936]: |        o.o.%o.o+|
[   24.733222] cloud-init[936]: |       o   Bo*=+ |
[   24.739337] cloud-init[936]: |      . . o =oOo+|
[   24.743433] cloud-init[936]: |       . . . +o=o|
[   24.745825] cloud-init[936]: +----[SHA256]-----+
         Starting Snappy daemon...
         Starting Virtualbox guest utils...
[[0;32m  OK  [0m] Started ACPI event daemon.
[[0;32m  OK  [0m] Started FUSE filesystem for LXC.
[[0;32m  OK  [0m] Started System Logging Service.
[[0;32m  OK  [0m] Started /etc/rc.local Compatibility.
[[0;32m  OK  [0m] Started Login Service.
[[0;32m  OK  [0m] Started Unattended Upgrades Shutdown.
[[0;32m  OK  [0m] Started iSCSI initiator daemon (iscsid).
         Starting Login to default iSCSI targets...
[[0;32m  OK  [0m] Started LSB: MD monitoring daemon.
[[0;32m  OK  [0m] Started LSB: Record successful boot for GRUB.
         Starting Authenticate and Authorize Users to Run Privileged Tasks...
[[0;32m  OK  [0m] Started Login to default iSCSI targets.
[[0;32m  OK  [0m] Reached target Remote File Systems (Pre).
[[0;32m  OK  [0m] Reached target Remote File Systems.
         Starting LSB: daemon to balance interrupts for SMP systems...
         Starting LSB: automatic crash report generation...
         Starting LSB: Set the CPU Frequency Scaling governor to "ondemand"...
         Starting Permit User Sessions...
[[0;32m  OK  [0m] Started Authenticate and Authorize Users to Run Privileged Tasks.
[[0;32m  OK  [0m] Started Accounts Service.
[[0;32m  OK  [0m] Started LSB: Set the CPU Frequency Scaling governor to "ondemand".
[[0;32m  OK  [0m] Started Permit User Sessions.
         Starting Hold until boot process finishes up...
         Starting Terminate Plymouth Boot Screen...
[[0;32m  OK  [0m] Started Hold until boot process finishes up.
[[0;32m  OK  [0m] Started Terminate Plymouth Boot Screen.
[[0;32m  OK  [0m] Started Serial Getty on ttyS0.
[[0;32m  OK  [0m] Started Getty on tty1.
[[0;32m  OK  [0m] Reached target Login Prompts.
         Starting Set console scheme...
[[0;32m  OK  [0m] Started LSB: daemon to balance interrupts for SMP systems.
[[0;32m  OK  [0m] Started LSB: automatic crash report generation.
[[0;32m  OK  [0m] Started Set console scheme.
[[0;32m  OK  [0m] Started Virtualbox guest utils.
[[0;32m  OK  [0m] Started LXD - container startup/shutdown.
[[0;32m  OK  [0m] Started Snappy daemon.
         Starting Wait until snapd is fully seeded...
[[0;32m  OK  [0m] Started Pollinate to seed the pseudo random number generator.
         Starting OpenBSD Secure Shell server...
[[0;32m  OK  [0m] Started OpenBSD Secure Shell server.
[[0;32m  OK  [0m] Created slice User Slice of vagrant.
         Starting User Manager for UID 1000...
[[0;32m  OK  [0m] Started Session 1 of user vagrant.
[[0;32m  OK  [0m] Started User Manager for UID 1000.
[[0;32m  OK  [0m] Started Wait until snapd is fully seeded.
         Starting Apply the settings specified in cloud-config...
[[0;32m  OK  [0m] Reached target Multi-User System.
[[0;32m  OK  [0m] Reached target Graphical Interface.
         Starting Update UTMP about System Runlevel Changes...
[   31.877519] cloud-init[1397]: Generating locales (this might take a while)...

Ubuntu 16.04.6 LTS ubuntu-xenial ttyS0

ubuntu-xenial login: [   33.597405] cloud-init[1397]:   en_US.UTF-8... done
[   33.599817] cloud-init[1397]: Generation complete.
[   34.694969] cloud-init[1397]: Cloud-init v. 19.1-1-gbaa47854-0ubuntu1~16.04.1 running 'modules:config' at Thu, 22 Aug 2019 16:24:04 +0000. Up 31.51 seconds.
ci-info: no authorized ssh keys fingerprints found for user ubuntu.
<14>Aug 22 16:24:09 ec2: 
<14>Aug 22 16:24:09 ec2: #############################################################
<14>Aug 22 16:24:09 ec2: -----BEGIN SSH HOST KEY FINGERPRINTS-----
<14>Aug 22 16:24:09 ec2: 1024 SHA256:gnerWdObxY2ZDDyTVHmuJgvkE8MlqXwPZwpLbifkG00 root@ubuntu-xenial (DSA)
<14>Aug 22 16:24:09 ec2: 256 SHA256:Z7XyuNdxnGbHMUko1whp7S3G0Rnj1rkwBurUQpeR6Uo root@ubuntu-xenial (ECDSA)
<14>Aug 22 16:24:09 ec2: 256 SHA256:x5RvtZuD+bTSA0mnS9aRysF2tc/tnxxOCpzWvIhIWQM root@ubuntu-xenial (ED25519)
<14>Aug 22 16:24:09 ec2: 2048 SHA256:KFNQK4Ct01g8iqOL4c1LMrTYPtU9bi0Sf9YsSBFAO4A root@ubuntu-xenial (RSA)
<14>Aug 22 16:24:09 ec2: -----END SSH HOST KEY FINGERPRINTS-----
<14>Aug 22 16:24:09 ec2: #############################################################
-----BEGIN SSH HOST KEY KEYS-----
ecdsa-sha2-nistp256 AAAAE2VjZHNhLXNoYTItbmlzdHAyNTYAAAAIbmlzdHAyNTYAAABBBD6z9aW+6adWLo8I0KqhNUdR2CfU0ND36Gh/zCS2e+mi3l92XgXeH1+PzV7zc00RwCybtfd/REvCKWOZ6QWUv8M= root@ubuntu-xenial
ssh-ed25519 AAAAC3NzaC1lZDI1NTE5AAAAICsKyuMVqojTsirn0s7ELLazCJH64yjc0lB3YzdCcdo7 root@ubuntu-xenial
ssh-rsa AAAAB3NzaC1yc2EAAAADAQABAAABAQC7Lua/G0OwW+uSnqf7pgsYknv6mbNbl4uTytLdCbgCIO9CZeb+H7OcfXXAQu2IyVH/ISMiQvbpzEuKWp+qRsmP765qgwC713fUtnkSgb8O1u99rqX7zTCRTQ1QxGqp3xfEIlo9zeLqc2SElI6Ygz7SwwosZGofRoV7MfyRkJsV1bO2TQw7XIpGnnSpMKxkJgLFjaAmtLZ7HCCByg0CCtZEWEDFiutE3YyIfJQLDDNcnjFUIO1Mc/loUN97vNkVxe6gwvovBRNUsk7oSQShQ+itgj6uAyar/qtJ0M0tGRS6IFRhuW1TAiiJVvbdiVoGzIfKbBPDLTB8asbGWgItGL7b root@ubuntu-xenial
-----END SSH HOST KEY KEYS-----
[   36.255951] cloud-init[1566]: Cloud-init v. 19.1-1-gbaa47854-0ubuntu1~16.04.1 running 'modules:final' at Thu, 22 Aug 2019 16:24:09 +0000. Up 35.93 seconds.
[   36.256526] cloud-init[1566]: ci-info: no authorized ssh keys fingerprints found for user ubuntu.
[   36.256779] cloud-init[1566]: Cloud-init v. 19.1-1-gbaa47854-0ubuntu1~16.04.1 finished at Thu, 22 Aug 2019 16:24:09 +0000. Datasource DataSourceNoCloud [seed=/dev/sdb][dsmode=net].  Up 36.24 seconds
