[    0.000000] Initializing cgroup subsys cpuset
[    0.000000] Initializing cgroup subsys cpu
[    0.000000] Initializing cgroup subsys cpuacct
[    0.000000] Linux version 4.4.0-157-generic (buildd@lgw01-amd64-037) (gcc version 5.4.0 20160609 (Ubuntu 5.4.0-6ubuntu1~16.04.10) ) #185-Ubuntu SMP Tue Jul 23 09:17:01 UTC 2019 (Ubuntu 4.4.0-157.185-generic 4.4.181)
[    0.000000] Command line: BOOT_IMAGE=/boot/vmlinuz-4.4.0-157-generic root=LABEL=cloudimg-rootfs ro console=tty1 console=ttyS0
[    0.000000] KERNEL supported cpus:
[    0.000000]   Intel GenuineIntel
[    0.000000]   AMD AuthenticAMD
[    0.000000]   Centaur CentaurHauls
[    0.000000] x86/fpu: xstate_offset[2]:  576, xstate_sizes[2]:  256
[    0.000000] x86/fpu: Supporting XSAVE feature 0x01: 'x87 floating point registers'
[    0.000000] x86/fpu: Supporting XSAVE feature 0x02: 'SSE registers'
[    0.000000] x86/fpu: Supporting XSAVE feature 0x04: 'AVX registers'
[    0.000000] x86/fpu: Enabled xstate features 0x7, context size is 832 bytes, using 'standard' format.
[    0.000000] e820: BIOS-provided physical RAM map:
[    0.000000] BIOS-e820: [mem 0x0000000000000000-0x000000000009fbff] usable
[    0.000000] BIOS-e820: [mem 0x000000000009fc00-0x000000000009ffff] reserved
[    0.000000] BS-20: [mem 0x00000000000f0000-0x00000000000fffff] reserved
[    0.000000] BIOS-e820: [mem 0x0000000000100000-0x000000003ffeffff] usable
[    0.000000] BIOS-e820: [mem 0x000000003fff0000-0x000000003fffffff] ACPI data
[    0.000000] BIOS-e820: [mem 0x00000000fffc0000-0x00000000ffffffff] reserved
[    0.000000] NX (Execute Disable) protection: active
[    0.000000] SMBIOS 2.5 present.
[    0.000000] Hypervisor detected: KVM
[    0.000000] e820: last_pfn = 0x3fff0 max_arch_pfn = 0x400000000
[    0.000000] MTRR: Disabled
[    0.000000] x86/PAT: MTRRs disabled, skipping PAT initialization too.
[    0.000000] CPU MTRRs all blank - virtualized system.
[    0.000000] x86/PAT: Configuration [0-7]: WB  WT  UC- UC  WB  WT  UC- UC  
[    0.000000] found SMP MP-table at [mem 0x0009fff0-0x0009ffff] mapped at [ffff88000009fff0]
[    0.000000] Scanning 1 areas for low memory corruption
[    0.000000] RAMDISK: [mem 0x362fa000-0x37174fff]
[    0.000000] ACPI: Early table checksum verification disabled
[    0.000000] ACPI: RSDP 0x00000000000E0000 000024 (v02 VBOX  )
[    0.000000] ACPI: XSDT 0x000000003FFF0030 00003C (v01 VBOX   VBOXXSDT 00000001 ASL  00000061)
[    0.000000] ACPI: FACP 0x000000003FFF00F0 0000F4 (v04 VBOX   VBOXFACP 00000001 ASL  00000061)
[    0.000000] ACPI: DSDT 0x000000003FFF0470 002118 (v01 VBOX   VBOXBIOS 00000002 INTL 20160108)
[    0.000000] ACPI: FACS 0x000000003FFF0200 000040
[    0.000000] ACPI: FACS 0x000000003FFF0200 000040
[    0.000000] ACPI: APIC 0x000000003FFF0240 00005C (v02 VBOX   VBOXAPIC 00000001 ASL  00000061)
[    0.000000] ACPI: SSDT 0x000000003FFF02A0 0001CC (v01 VBOX   VBOXCPUT 00000002 INTL 20160108)
[    0.000000] No NUMA configuration found
[    0.000000] Faking a node at [mem 0x0000000000000000-0x000000003ffeffff]
[    0.000000] NODE_DATA(0) allocated [mem 0x3ffeb000-0x3ffeffff]
[    0.000000] kvm-clock: Using msrs 4b564d01 and 4b564d00
[    0.000000] kvm-clock: cpu 0, msr 0:3ffe3001, primary cpu clock
[    0.000000] kvm-clock: using sched offset of 3404113562 cycles
[    0.000000] clocksource: kvm-clock: mask: 0xffffffffffffffff max_cycles: 0x1cd42e4dffb, max_idle_ns: 881590591483 ns
[    0.000000] Zone ranges:
[    0.000000]   DMA      [mem 0x0000000000001000-0x0000000000ffffff]
[    0.000000]   DMA32    [mem 0x0000000001000000-0x000000003ffeffff]
[    0.000000]   Normal   empty
[    0.000000]   Device   empty
[    0.000000] Movable zone start for each node
[    0.000000] Early memory node ranges
[    0.000000]   node   0: [mem 0x0000000000001000-0x000000000009efff]
[    0.000000]   node   0: [mem 0x0000000000100000-0x000000003ffeffff]
[    0.000000] Initmem setup node 0 [mem 0x0000000000001000-0x000000003ffeffff]
[    0.000000] ACPI: PM-Timer IO Port: 0x4008
[    0.000000] IOAPIC[0]: apic_id 2, verio 17, address 0xfec00000, GSI 0-23
[    0.000000] ACPI: INT_SRC_OVR (bus 0 bus_irq 0 global_irq 2 dfl dfl)
[    0.000000] ACPI: INT_SRC_OVR (bus 0 bus_irq 9 global_irq 9 high level)
[    0.000000] Using ACPI (MADT) for SMP configuration information
[    0.000000] smpboot: Allowing 2 CPUs, 0 hotplug CPUs
[    0.000000] PM: Registered nosave memory: [mem 0x00000-0x00000fff]
[    0.000000] PM: Registered nosave memory: [mem 0x0009f000-0x0009ffff]
[    0.000000] PM: Registered nosave memory: [mem 0x000a0000-0x000effff]
[    0.000000] PM: Registered nosave memory: [mem 0x000f0000-0x000fffff]
[    0.000000] e820: [mem 0x40000000-0xfffbffff] available for PCI devices
[    0.000000] Booting paravirtualized kernel on KVM
[    0.000000] clocksource: refined-jiffies: mask: 0xffffffff max_cycles: 0xffffffff, max_idle_ns: 7645519600211568 ns
[    0.000000] setup_percpu: NR_CPUS:512 nr_cpumask_bits:512 nr_cpu_ids:2 nr_node_ids:1
[    0.000000] PERCPU: Embedded 34 pages/cpu @ffff88003fc00000 s99544 r8192 d31528 u1048576
[    0.000000] Built 1 zonelists in Node order, mobility grouping on.  Total pages: 257912
[    0.000000] Policy zone: DMA32
[    0.000000] Kernel command line: BOOT_IMAGE=/boot/vmlinuz-4.4.0-157-generic root=LABEL=cloudimg-rootfs ro console=tty1 console=ttyS0
[    0.000000] PID hash table entries: 4096 (order: 3, 32768 bytes)
[    0.000000] Memory: 997732K/1048120K available (8618K kernel code, 1335K rwda, 032K rodata, 1484K init, 1284K bss, 50388K reserved, 0K cma-reserved)
[    0.000000] SLUB: HWalign=64, Order=0-3, MinObjects=0, CPUs=2, Nodes=1
[    0.000000] Kernel/User page tables isolation: enabled
[    0.000000] Hierarchical RCU implementation.
[    0.000000] 	Build-time adjustment of leaf fanout to 64.
[    0.000000] 	RCU restricting CPUs from NR_CPUS=512 to nr_cpu_ids=2.
[    0.000000] RCU: Adjusting geometry for rcu_fanout_leaf=64, nr_cpu_ids=2
[    0.000000] NR_IRQS:33024 nr_irqs:440 16
[    0.000000] Console: colour VGA+ 80x25
[    0.000000] console [tty1] enabled
[    0.000000] console [ttyS0] enabled
[    0.000000] tsc: Detected 3092.942 MHz processor
[    0.477649] Calibrating delay loop (skipped) preset value.. 6185.88 BogoMIPS (lpj=12371768)
[    0.479175] pid_max: default: 32768 minimum: 301
[    0.479986] ACPI: Core revision 20150930
[    0.481670] ACPI: 2 ACPI AML tables successfully acquired and loaded
[    0.482840] Security Framework initialized
[    0.483595] Yama: becoming mindful.
[    0.484292] AppArmor: AppArmor initialized
[    0.485136] Dentry cache hash table entries: 131072 (order: 8, 1048576 bytes)
[    0.486964] Inode-cache hash table entries: 65536 (order: 7, 524288 bytes)
[    0.564550] Mount-cache hash table entries: 2048 (order: 2, 16384 bytes)
[    0.584851] Mountpoint-cache hash table entries: 2048 (order: 2, 16384 bytes)
[    0.586137] Initializing cgroup subsys io
[    0.586891] Initializing cgroup subsys memory
[    0.587676] Initializing cgroup subsys devices
[    0.588477] Initializing cgroup subsys freezer
[    0.589283] Initializing cgroup subsys net_cls
[    0.590079] Initializing cgroup subsys perf_event
[    0.590903] Initializing cgroup subsys net_prio
[    0.591709] Initializing cgroup subsys hugetlb
[    0.592506] Initializing cgroup subsys pids
[    0.593346] mce: CPU supports 0 MCE banks
[    0.594116] Last level iTLB entries: 4KB 512, 2MB 8, 4MB 8
[    0.595035] Last level dTLB entries: 4KB 512, 2MB 32, 4MB 32, 1GB 0
[    0.596043] Spectre V2 : Mitigation: Full generic retpoline
[    0.624479] Spectre V2 : Spectre v2 / SpectreRSB mitigation: Filling RSB on context switch
[    0.625947] Speculative Store Bypass: Vulnerable
[    0.626851] MDS: Vulnerable: Clear CPU buffers attempted, no microcode
[    0.630597] Freeing SMP alternatives memory: 36K
[    0.636867] ftrace: allocating 32312 entries in 127 pages
[    0.712492] smpboot: APIC(0) Converting physical 0 to logical package 0
[    0.739110] smpboot: Max logical packages: 1
[    0.746187] ..TIMER: vector=0x30 apic1=0 pin1=2 apic2=-1 pin2=-1
[    0.853563] smpboot: CPU0: Intel(R) Core(TM) i3-2100 CPU @ 3.10GHz (family: 0x6, model: 0x2a, stepping: 0x7)
[    0.874147] Performance Events: unsupported p6 CPU model 42 no PMU driver, software events only.
[    0.896903] KVM setup paravirtual spinlock
[    0.904116] x86: Booting SMP configuration:
[    0.929485] .... node  #0, CPUs:      #1
[    0.941097] kvm-clock: cpu 1, msr 0:3ffe3041, secondary cpu clock
[    0.942159] mce: CPU supports 0 MCE banks
[    0.946260] x86: Booted up 1 node, 2 CPUs
[    0.950117] smpboot: Total of 2 processors activated (12371.76 BogoMIPS)
[    0.951672] devtmpfs: initialized
[    0.954346] evm: security.selinux
[    0.960302] evm: security.SMACK64
[    0.960993] evm: security.SMACK64EXEC
[    0.962196] evm: security.SMACK64TRANSMUTE
[    0.963514] evm: security.SMACK64MMAP
[    0.964710] evm: security.ima
[    0.965605] evm: security.capability
[    0.967977] clocksource: jiffies: mask: 0xffffffff max_cycles: 0xffffffff, max_idle_ns: 7645041785100000 ns
[    0.981438] futex hash table entries: 512 (order: 3, 32768 bytes)
[    0.994445] pinctrl core: initialized pinctrl subsystem
[    0.997306] RTC time: 15:52:51, date: 08/22/19
[    0.999855] NET: Registered protocol family 16
[    1.013091] cpuidle: using governor ladder
[    1.029226] cpuidle: using governor menu
[    1.038012] PCCT header not found.
[    1.044192] ACPI: bus type PCI registered
[    1.044949] acpiphp: ACPI Hot Plug PCI Controller Driver version: 0.5
[    1.046141] PCI: Using configuration type 1 for base access
[    1.058492] ACPI: Added _OSI(Module Device)
[    1.073735] ACPI: Added _OSI(Processor Device)
[    1.105533] ACPI: Added _OSI(3.0 _SCP Extensions)
[    1.108693] ACPI: Added _OSI(Processor Aggregator Device)
[    1.133852] ACPI: Executed 1 blocks of module-level executable AML code
[    1.142530] ACPI: Interpreter enabled
[    1.143416] ACPI: (supports S0 S5)
[    1.144283] ACPI: Using IOAPIC for interrupt routing
[    1.145512] PCI: Using host bridge windows from ACPI; if necessary, use "pci=nocrs" and report a bug
[    1.150950] ACPI: PCI Root Bridge [PCI0] (domain 0000 [bus 00-ff])
[    1.161236] acpi PNP0A03:00: _OSC: OS supports [ASPM ClockPM Segments MSI]
[    1.176710] acpi PNP0A03:00: _OSC failed (AE_NOT_FOUND); disabling ASPM
[    1.177765] acpi PNP0A03:00: fail to add MMCONFIG information, can't access extended PCI configuration space under this bridge.
[    1.179946] PCI host bridge to bus 0000:00
[    1.199436] pci_bus 0000:00: root bus resource [io  0x0000-0x0cf7 window]
[    1.207822] pci_bus 0000:00: root bus resource [io  0x0d00-0xffff window]
[    1.214163] pci_bus 0000:00: root bus resource [mem 0x000a0000-0x000bffff window]
[    1.215612] pci_bus 0000:00: root bus resource [mem 0x40000000-0xffdfffff window]
[    1.223804] pci_bus 0000:00: root bus resource [bus 00-ff]
[    1.239563] pci 0000:00:01.1: legacy IDE quirk: reg 0x10: [io  0x01f0-0x01f7]
[    1.259387] pci 0000:00:01.1: legacy IDE quirk: reg 0x14: [io  0x03f6]
[    1.260675] pci 0000:00:01.1: legacy IDE quirk: reg 0x18: [io  0x0170-0x0177]
[    1.273526] pci 0000:00:01.1: legacy IDE quirk: reg 0x1c: [io  0x0376]
[    1.320546] ACPI: PCI Interrupt Link [LNKA] (IRQs 5 9 10 11) *0, disabled.
[    1.335494] ACPI: PCI Interrupt Link [LNKB] (IRQs 5 9 10 *11)
[    1.337209] ACPI: PCI Interrupt Link [LNKC] (IRQs 5 9 *10 11)
[    1.338909] ACPI: PCI Interrupt Link [LNKD] (IRQs 5 *9 10 11)
[    1.340630] ACPI: Enabled 2 GPEs in block 00 to 07
[    1.342148] vgaarb: setting as boot device: PCI:0000:00:02.0
[    1.343338] vgaarb: device added: PCI:0000:00:02.0,decodes=io+mem,owns=io+mem,locks=none
[    1.355339] vgaarb: loaded
[    1.358243] vgaarb: bridge control possible 0000:00:02.0
[    1.365216] SCSI subsystem initialized
[    1.367509] ACPI: bus type USB registered
[    1.371562] usbcore: registered new interface driver usbfs
[    1.374071] usbcore: registered new interface driver hub
[    1.375225] usbcore: registered new device driver usb
[    1.376663] PCI: Using ACPI for IRQ routing
[    1.378925] NetLabel: Initializing
[    1.379739] NetLabel:  domain hash size = 128
[    1.380711] NetLabel:  protocols = UNLABELED CIPSOv4
[    1.382331] NetLabel:  unlabeled traffic allowed by default
[    1.389219] amd_nb: Cannot enumerate AMD northbridges
[    1.391498] clocksource: Switched to clocksource kvm-clock
[    1.405558] AppArmor: AppArmor Filesystem Enabled
[    1.412039] pnp: PnP ACPI init
[   .413539] pnp: PnP ACPI: found 3 dics
[    1.575744] clocksource: acpi_pm: mask: 0xffffff max_cycles: 0xffffff, max_idle_ns: 2085701024 ns
[    1.616184] NET: Registered protocol family 2
[    1.617139] TCP established hash table entries: 8192 (order: 4, 65536 bytes)
[   6215 TP bind hash table entries: 82 rder: , 10 bes
    2.087912] TCP: Hash tables configured (established 8192 bind 8192)
[    2.113635] UDP hash table entries: 512 (order: 2, 16384 bytes)
[    2.114591] UDP-Lite hash table entries: 512 (order: 2, 16384 bytes)
[    2.115666] NET: Registered protocol family 1
[    2.116532] pci 0000:00:00.0: Limiting direct PCI/PCI transfers
[    2.117501] pci 0000:00:01.0: Activating ISA DMA hang workarounds
[   1192 Upaing initramfs...

[    2.556254] Freeing initrd memory: 14828K
[    2.592116] RAPL PMU detected, API unit is 2^-32 Joules, 3 fixed counters 10737418240 ms ovfl timer
[    2.593665] hw unit of domain pp0-core 2^-0 Joules
[    2.594509] hw unit of domain package 2^-0 Joules
[    2.595311] hw unit of domain pp1-gpu 2^-0 Joules
[    2.596168] clocksource: tsc: mask: 0xffffffffffffffff max_cycles: 0x2c953c31226, max_idle_ns: 440795210352 ns
[    2.614950] platform rtc_cmos: registered platform RTC device (no PNP device found)
[    2.621030] Scanning for low memory corruption every 60 seconds
[    2.622432] audit: initializing netlink subsys (disabled)
[    2.636865] audit: type=2000 audit(1566489176.625:1): initialized
[    2.638110] Initialise system trusted keyring
[    2.639118] HugeTLB registered 2 MB page size, pre-allocated 0 pages
[    2.641477] zbud: loaded
[    2.642498] VFS: Disk quotas dquot_6.6.0
[    2.643371] VFS: Dquot-cache hash table entries: 512 (order 0, 4096 bytes)
[    2.649591] squashfs: version 4.0 (2009/01/31) Phillip Lougher
[    2.659756] fuse init (API version 7.23)
[    2.666355] Key type big_key registered
[    2.668438] Allocating IMA MOK and blacklist keyrings.
[    2.671195] Key type asymmetric registered
[    2.672196] Asymmetric key parser 'x509' registered
[    2.674601] Block layer SCSI generic (bsg) driver version 0.4 loaded (major 249)
[    2.676064] io scheduler noop registered
[    2.688345] io scheduler deadline registered (default)
[    2.689500] io scheduler cfq registered
[    2.690503] pci_hotplug: PCI Hot Plug PCI Core version: 0.5
[    2.691729] pciehp: PCI Express Hot Plug Controller Driver version: 0.4
[    2.693973] ACPI: AC Adapter [AC] (on-line)
[    2.695699] input: Power Button as /devices/LNXSYSTM:00/LNXPWRBN:00/input/input0
[    2.697564] ACPI: Power Button [PWRF]
[    2.698487] input: Sleep Button as /devices/LNXSYSTM:00/LNXSLPBN:00/input/input1
[    2.700205] ACPI: Sleep Button [SLPF]
[    2.701295] GHES: HEST is not enabled!
[    2.702391] Serial: 8250/16550 driver, 32 ports, IRQ sharing enabled
[    2.725361] 00:02: ttyS0 at I/O 0x3f8 (irq = 4, base_baud = 115200) is a 16550A
[    2.732889] Linux agpgart interface v0.103
[    2.738866] loop: module loaded
[    2.748799] scsi host0: ata_piix
[    2.749659] scsi host1: ata_piix
[    2.750340] ata1: PATA max UDMA/33 cmd 0x1f0 ctl 0x3f6 bmdma 0xd000 irq 14
[    2.751406] ata2: PATA max UDMA/33 cmd 0x170 ctl 0x376 bmdma 0xd008 irq 15
[    2.752674] libphy: Fixed MDIO Bus: probed
[    2.753591] tun: Universal TUN/TAP device driver, 1.6
[    2.754442] tun: (C) 1999-2004 Max Krasnyansky <maxk@qualcomm.com>
[    2.755649] PPP generic driver version 2.4.2
[    2.761123] ehci_hcd: USB 2.0 'Enhanced' Host Controller (EHCI) Driver
[    2.762848] ehci-pci: EHCI PCI platform driver
[    2.764221] ehci-platform: EHCI generic platform driver
[    2.781664] ohci_hcd: USB 1.1 'Open' Host Controller (OHCI) Driver
[    2.787998] ohci-pci: OHCI PCI platform driver
[    2.788907] ohci-platform: OHCI generic platform driver
[    2.789790] uhci_hcd: USB Universal Host Controller Interface driver
[    2.790868] i8042: PNP: PS/2 Controller [PNP0303:PS2K,PNP0f03:PS2M] at 0x60,0x64 irq 1,12
[    2.792792] serio: i8042 KBD port at 0x60,0x64 irq 1
[    2.793641] serio: i8042 AUX port at 0x60,0x64 irq 12
[    2.794762] mousedev: PS/2 mouse device common for all mice
[    2.796095] input: AT Translated Set 2 keyboard as /devices/platform/i8042/serio0/input/input2
[    2.798160] rtc_cmos rtc_cmos: rtc core: registered rtc_cmos as rtc0
[    2.848145] rtc_cmos rtc_cmos: alarms up to one day, 114 bytes nvram
[    2.856461] i2c /dev entries driver
[    2.857199] device-mapper: uevent: version 1.0.3
[    2.858151] device-mapper: ioctl: 4.34.0-ioctl (2015-10-28) initialised: dm-devel@redhat.com
[    2.859667] ledtrig-cpu: registered to indicate activity on CPUs
[    2.861277] NET: Registered protocol family 10
[    2.865031] NET: Registered protocol family 17
[    2.868859] Key type dns_resolver registered
[    2.875836] registered taskstats version 1
[    2.880378] Loading compiled-in X.509 certificates
[    2.882686] Loaded X.509 cert 'Build time autogenerated kernel key: 3e01e6df98386236d59670e6b2ed19a044d5324e'
[    2.886694] zswap: loaded using pool lzo/zbud
[    2.890829] Key type trusted registered
[    2.900284] Key type encrypted registered
[    2.937740] AppArmor: AppArmor sha1 policy hashing enabled
[    2.938643] ima: No TPM chip found, activating TPM-bypass!
[    2.939626] ima: Allocated hash algorithm: sha1
[    3.001100] evm: HMAC attrs: 0x1
[    3.002113]   Magic number: 15:595:892
[    3.002935] rtc_cmos rtc_cmos: setting system clock to 2019-08-22 15:52:53 UTC (1566489173)
[    3.004643] BIOS EDD facility v0.16 2004-Jun-25, 0 devices found
[    3.005616] EDD information not available.
[    3.007819] Freeing unused kernel memory: 1484K
[    3.027624] Write protecting the kernel read-only data: 14336k
[    3.065294] Freeing unused kernel memory: 1612K
[    3.586526] Freeing unused kernel memory: 64K
Loading, please wait...
[    3.636143] random: systemd-udevd: uninitialized urandom read (16 bytes read, 2 bits of entropy available)
starting version[    3.636969] random: udevadm: uninitialized urandom read (16 bytes read, 2 bits of entropy available)
 229
[    3.636999] random: udevadm: uninitialized urandom read (16 bytes read, 2 bits of entropy available)
[    3.651387] random: udevadm: uninitialized urandom read (16 bytes read, 2 bits of entropy available)
[    3.651448] random: udevadm: uninitialized urandom read (16 bytes read, 2 bits of entropy available)
[    3.651668] random: udevadm: uninitialized urandom read (16 bytes read, 2 bits of entropy available)
[    3.651755] random: udevadm: uninitialized urandom read (16 bytes read, 2 bits of entropy available)
[    3.651838] random: udevadm: uninitialized urandom read (16 bytes read, 2 bits of entropy available)
[    3.651924] random: udevadm: uninitialized urandom read (16 bytes read, 2 bits of entropy available)
[    3.652009] random: udevadm: uninitialized urandom read (16 bytes read, 2 bits of entropy available)
[    3.757682] e1000: Intel(R) PRO/1000 Network Driver - version 7.3.21-k8-NAPI
[    3.768995] e1000: Copyright (c) 1999-2006 Intel Corporation.
[    3.776789] Fusion MPT base driver 3.04.20
[    3.788520] Copyright (c) 1999-2008 LSI Corporation
[    3.818266] Fusion MPT SPI Host driver 3.04.20
[    4.016381] input: ImExPS/2 Generic Explorer Mouse as /devices/platform/i8042/serio1/input/input4
[    4.134091] e1000 0000:00:03.0 eth0: (PCI:33MHz:32-bit) 02:46:62:72:a1:53
[    4.586830] e1000 0000:00:03.0 eth0: Intel(R) PRO/1000 Network Connection
[    4.589345] e1000 0000:00:03.0 enp0s3: renamed from eth0
[    4.604609] mptbase: ioc0: Initiating bringup
[    4.811847] ioc0: LSI53C1030 A0: Capabilities={Initiator}
[    5.115425] scsi host2: ioc0: LSI53C1030 A0, FwRev=00000000h, Ports=1, MaxQ=256, IRQ=20
[    5.344087] scsi 2:0:0:0: Direct-Access     VBOX     HARDDISK         1.0  PQ: 0 ANSI: 5
[    5.375625] scsi target2:0:0: Beginning Domain Validation
[    5.516048] scsi target2:0:0: Domain Validation skipping write tests
[    5.523325] scsi target2:0:0: Ending Domain Validation
[    5.524319] scsi target2:0:0: asynchronous
[    5.525699] scsi 2:0:1:0: Direct-Access     VBOX     HARDDISK         1.0  PQ: 0 ANSI: 5
[    5.527141] scsi target2:0:1: Beginning Domain Validation
[    5.529557] scsi target2:0:1: Domain Validation skipping write tests
[    5.530574] scsi target2:0:1: Ending Domain Validation
[    5.531514] scsi target2:0:1: asynchronous
[    5.541028] sd 2:0:0:0: Attached scsi generic sg0 type 0
[    5.554143] sd 2:0:0:0: [sda] 20971520 512-byte logical blocks: (10.7 GB/10.0 GiB)
[    5.554460] sd 2:0:0:0: [sda] Write Protect is off
[    5.554593] sd 2:0:0:0: [sda] Incomplete mode parameter data
[    5.554595] sd 2:0:0:0: [sda] Assuming drive cache: write through
[    5.589745]  sda: sda1
[    5.590837] sd 2:0:0:0: [sda] Attached SCSI disk
[    5.647013] sd 2:0:1:0: Attached scsi generic sg1 type 0
[    5.647196] sd 2:0:1:0: [sdb] 20480 512-byte logical blocks: (10.5 MB/10.0 MiB)
[    5.647494] sd 2:0:1:0: [sdb] Write Protect is off
[    5.647695] sd 2:0:1:0: [sdb] Incomplete mode parameter data
[    5.647697] sd 2:0:1:0: [sdb] Assuming drive cache: write through
[    5.682511] sd 2:0:1:0: [sdb] Attached SCSI disk
Begin: Loading essential drivers ... [    7.344670] md: linear personality registered for level -1
[    7.428441] md: multipath personality registered for level -4
[    7.498874] md: raid0 personality registered for level 0
[    7.528432] md: raid1 personality registered for level 1
[    7.623864] raid6: sse2x1   gen()  9036 MB/s
[    7.699665] raid6: sse2x1   xor()  5829 MB/s
[    7.800178] raid6: sse2x2   gen() 10209 MB/s
[    7.923829] raid6: sse2x2   xor()  7697 MB/s
[    8.073843] raid6: sse2x4   gen() 12152 MB/s
[    8.183834] raid6: sse2x4   xor()  9476 MB/s
[    8.188287] raid6: using algorithm sse2x4 gen() 12152 MB/s
[    8.189237] raid6: .... xor() 9476 MB/s, rmw enabled
[    8.190079] raid6: using ssse3x2 recovery algorithm
[    8.192943] xor: automatically using best checksumming function:
[    8.231530]    avx       : 19883.000 MB/sec
[    8.351623] async_tx: api initialized (async)
[    8.419486] md: raid6 personality registered for level 6
[    8.494691] md: raid5 personality registered for level 5
[    8.495587] md: raid4 personality registered for level 4
[    8.504841] md: raid10 personality registered for level 10
done.
Begin: Running /scripts/init-premount ... done.
Begin: Mounting root file system ... Begin: Running /scripts/local-top ... done.
Begin: Ru[    8.695935] Btrfs loaded
nning /scripts/local-premount ... Scanning for Btrfs filesystems
done.
Warning: fsck not present, so sk[    8.763558] EXT4-fs (sda1): mounted filesystem with ordered data mode. Opts: (null)
ipping root file system
done.
Begin: Running /scripts/local-bottom ... done.
Begin: Running /scripts/init-bottom ... done.
[    9.314750] systemd[1]: systemd 229 running in system mode. (+PAM +AUDIT +SELINUX +IMA +APPARMOR +SMACK +SYSVINIT +UTMP +LIBCRYPTSETUP +GCRYPT +GNUTLS +ACL +XZ -LZ4 +SECCOMP +BLKID +ELFUTILS +KMOD -IDN)
[    9.564756] systemd[1]: Detected virtualization oracle.
[    9.568502] systemd[1]: Detected architecture x86-64.

Welcome to [1mUbuntu 16.04.6 LTS[0m!

[    9.724565] systemd[1]: Set hostname to <ubuntu>.
[  9660]ysmd[1]: Initializing machine ID from random generator.
[   10.125462] systemd[1]: Installed transient /etc/machine-id file.
[ 101140random: nonblocking pool is initialized
[   1.0848] systemd[1]: Started Trigger resolvconf update for networkd DNS.
[[0;32m  OK  [0m] Started Trigger resolvconf update for networkd DNS.
[ 11.175884] systemd[1]: Listening on LVM2 poll daemon socket.
[[0;32m  OK  [0m] Listening on LVM2 poll daemon socket.
[   11.224861] systemd[1]: Listening on Syslog Socket.
[[0;32m  OK  [0m] Listening on Syslog Socket.
[   11.227205] systemd[1]: Listening on udev Kernel Socket.
[[0;32m  OK  [0m] Listening on udev Kernel Socket.
[   11.606115] systemd[1]: Listening on /dev/initctl Compatibility Named Pipe.
[[0;32m  OK  [0m] Listening on /dev/initctl Compatibility Named Pipe.
[   11.666253] systemd[1]: Listening on Device-mapper event daemon FIFOs.
[[0;32m  OK  [0m] Listening on Device-mapper event daemon FIFOs.
[   11.668973] systemd[1]: Listening on udev Control Socket.
[[0;32m  OK  [0m] Listening on udev Control Socket.
[   11.671268] systemd[1]: Reached target System Time Synchronized.
[[0;32m  OK  [0m] Reached target System Time Synchronized.
[  11739]ysem[1 Rchd art wap.
[[0;32m  OK  [0m] Reached target Swap.
[ 121442] std[]:reedli User and Session Slice.
[[0;32m  OK  [0m] Created slice User and Session Slice.
[  16380syem1]Litengn urnal Socket

[[0;32m  OK  [0m] Listening on Journal Socket.
[   13.191799] systemd[1]: Set up automount Arbitrary Executable File Formats File System Automount Point.
[[0;32m  OK  [0m] Set up automount Arbitrary Executab...ats File System Automount Point.
[   13.194868] systemd[1]: Listening on Journal Audit Socket.
[[0;32m  OK  [0m] Listening on Journal Audit Socket.
[   13.196922] systemd[1]: Reached target Encrypted Volumes.
[[0;32m  OK  [0m] Reached target Encrypted Volumes.
[   13.198955] systemd[1]: Listening on Journal Socket (/dev/log).
[[0;32m  OK  [0m] Listening on Journal Socket (/dev/log).
[   13.201106] systemd[1]: Listening on LVM2 metadata daemon socket.
[[0;32m  OK  [0m] Listening on LVM2 metadata daemon socket.
[   13.203299] systemd[1]: Started Forward Password Requests to Wall Directory Watch.
[[0;32m  OK  [0m] Started Forward Password Requests to Wall Directory Watch.
[  13067]ysmd]: Created slice System Slice.
[[0;32m  OK  [0m] Created slice System Slice.
[   13.664104] systemd[1]: Starting Nameserver information manager...
         Starting Nameserver information manager...
[   13.674665] systemd[1]: Mounting POSIX Message Queue File System...
         Mounting POSIX Message Queue File System...
[   13.682800] systemd[1]: Starting Create list of required static device nodes for the current kernel...
         Starting Create list of required st... nodes for the current kernel...
[   13.739850] systemd[1]: Starting Uncomplicated firewall...
         Starting Uncomplicated firewall...
[   13.787805] systemd[1]: Starting Set console keymap...
         Starting Set console keymap...
[   13.919886] systemd[1]: Starting Load Kernel Modules...
         Starting Load Kernel Modules...
[   13.960410] systemd[1]: Mounting Debug File System...
         Mountin[   13.985137] Loading iSCSI transport class v2.0-870.
g Debug File System...
[   13.998606] systemd[1]: Starting Remount Root and Kernel File Systems...
[   14.011633] EXT4-fs (sda1): re-mounted. Opts: (null)
         [   14.028816] iscsi: registered transport (tcp)
Starting Remount Root and Kernel File Systems...
[   14.132410] systemd[1]: Mounting Huge Pages File System...
         Mounting Huge Pages File System...
[   14.163787] systemd[1]: Created slice system-serial\x2dgetty.slice.
[[0;32m  OK  [0m] Created slice system-serial\x2dgetty.slice.
[   14.169166] systemd[1]: Starting Monitoring of LVM2 mirrors, snapshots etc. using dmeventd or progress polling...
         Starting Monitoring of LVM2 mirrors... dmeventd or progress polling...
[   14.174436] systemd[1]: Reached target Slices.
[[0;32m  OK  [0m] Reached target Slices.
[   14.178234] systemd[1]: Starting Journal Service...
         Starting Journal Service...
[   14.183275] systemd[1]: Reached target User and Group Name Lookups.
[[0;32m  OK  [0m] Reached target User and Group Name Lookups.
[   14.189903] systemd[1]: Mounted Debug File System.
[[0;32m  OK  [0m] Mounted Debug File System.
[   14.203394] systemd[1]: Mounted POSIX Message Queue File System.
[[0;32m  OK  [0m] Mounted POSIX Message Queue File System.
[   14.207039] systemd[1]: Mounted Huge Pages File System.
[[0;32m  OK  [0m] Mounted Huge Pages File System.
[   14.212598] systemd[1]: Started Create list of required static device nodes for the current kernel.
[[0;32m  OK  [0m] Started Create list of required sta...ce nodes for the current kernel.
[   14.241292] systemd[1]: Started Uncomplicated firewall.
[[0;32m  OK  [0m] Started Uncomplicated firewall.
[   14.310845] systemd[1]: Started Set console keymap.
[[0;32m  OK  [0[   14.326230] iscsi: registered transport (iser)
m] Started Set console keymap.
[   14.345232] systemd[1]: Started Remount Root and Kernel File Systems.
[[0;32m  OK  [0m] Started Remount Root and Kernel File Systems.
[   14.361789] systemd[1]: Started Load Kernel Modules.
[[0;32m  OK  [0m] Started Load Kernel Modules.
[   14.372685] systemd[1]: Started Nameserver information manager.
[[0;32m  OK  [0m] Started Nameserver information manager.
[   14.389942] systemd[1]: Started Journal Service.
[[0;32m  OK  [0m] Started Journal Service.
[[0;32m  OK  [0m] Started LVM2 metadata daemon.
         Starting Apply Kernel Variables...
         Mounting FUSE Control File System...
         Starting udev Coldplug all Devices...
         Starting Load/Save Random Seed...
         Starting Flush Journal to Persistent Storage...
         Starting Create Static Device Nodes in /dev...
[[0;32m  OK  [0m] Mounted FUSE Control File System.
[[0;32m  OK  [0m] Started Apply Kernel Variables.
[[0;32m  OK  [0m] Started Load/Save Random Seed.
[[0;32m  OK  [0m] Started Flush Journal to Persistent Storage.
[[0;32m  OK  [0m] Started Create Static Device Nodes in /dev.
[[0;32m  OK  [0m] Started udev Coldplug all Devices.
         Starting udev Kernel Device Manager...
[[0;32m  OK  [0m] Started udev Kernel Device Manager.
[[0;32m  OK  [0m] Started Dispatch Password Requests to Console Directory Watch.
[[0;32m  OK  [0m] Found device /dev/ttyS0.
[[0;32m  OK  [0m] Started Monitoring of LVM2 mirrors,...ng dmeventd or progress polling.
[[0;32m  OK  [0m] Listening on Load/Save RF Kill Switch Status /dev/rfkill Watch.
[[0;32m  OK  [0m] Reached target Local File Systems (Pre).
[[0;32m  OK  [0m] Reached target Local File Systems.
         Starting Set console font and keymap...
         Starting LSB: AppArmor initialization...
         Starting Commit a transient machine-id on disk...
         Starting Create Volatile Files and Directories...
         Starting Tell Plymouth To Write Out Runtime Data...
         Starting Initial cloud-init job (pre-networking)...
[[0;32m  OK  [0m] Started Commit a transient machine-id on disk.
[[0;32m  OK  [0m] Started Create Volatile Files and Directories.
[[0;32m  OK  [0m] Started Tell Plymouth To Write Out Runtime Data.
         Starting Update UTMP about System Boot/Shutdown...
[[0;32m  OK  [0m] Started Update UTMP about System Boot/Shutdown.
[[0;32m  OK  [0m] Started LSB: AppArmor initialization.
[[0;32m  OK  [0m] Started Set console font and keymap.
[[0;32m  OK  [0m] Created slice system-getty.slice.
[   18.003059] cloud-init[592]: Cloud-init v. 19.1-1-gbaa47854-0ubuntu1~16.04.1 running 'init-local' at Thu, 22 Aug 2019 15:53:08 +0000. Up 17.49 seconds.
[[0;32m  OK  [0m] Started Initial cloud-init job (pre-networking).
[[0;32m  OK  [0m] Reached target Network (Pre).
         Starting Raise network interfaces...
[[0;32m  OK  [0m] Started Raise network interfaces.
         Starting Initial cloud-init job (metadata service crawler)...
[[0;32m  OK  [0m] Reached target Network.
[   20.267029] cloud-init[932]: Cloud-init v. 19.1-1-gbaa47854-0ubuntu1~16.04.1 running 'init' at Thu, 22 Aug 2019 15:53:10 +0000. Up 18.93 seconds.
[   20.284483] cloud-init[932]: ci-info: ++++++++++++++++++++++++++++++++++++++Net device info++++++++++++++++++++++++++++++++++++++
[   20.287779] cloud-init[932]: ci-info: +--------+------+----------------------------+---------------+--------+-------------------+
[   20.291126] cloud-init[932]: ci-info: | Device |  Up  |          Address           |      Mask     | Scope  |     Hw-Address    |
[   20.329475] cloud-init[932]: ci-info: +--------+------+----------------------------+---------------+--------+-------------------+
[   20.329818] cloud-init[932]: ci-info: | enp0s3 | True |         10.0.2.15          | 255.255.255.0 | global | 02:46:62:72:a1:53 |
[   20.330344] cloud-init[932]: ci-info: | enp0s3 | True | fe80::46:62ff:fe72:a153/64 |       .       |  link  | 02:46:62:72:a1:53 |
[   20.330861] cloud-init[932]: ci-info: |   lo   | True |         127.0.0.1          |   255.0.0.0   |  host  |         .         |
[   20.331388] cloud-init[932]: ci-info: |   lo   | True |          ::1/128           |       .       |  host  |         .         |
[   20.331897] cloud-init[932]: ci-info: +--------+------+----------------------------+---------------+--------+-------------------+
[   20.332450] cloud-init[932]: ci-info: +++++++++++++++++++++++++++Route IPv4 info++++++++++++++++++++++++++++
[[0;32m  OK  [0m] Started Initial cloud-init job (metadata service crawler).
[   20.332995] cloud-init[932]: ci-info: +-------+-------------+----------+---------------+-----------+-------+
[   20.416688] cloud-init[932]: ci-info: | Route | Destination | Gateway  |    Genmask    | Interface | Flags |
[   20.419733] cloud-init[932]: ci-info: +-------+-------------+----------+---------------+-----------+-------+
[   20.422870] cloud-init[932]: ci-info: |   0   |   0.0.0.0   | 10.0.2.2 |    0.0.0.0    |   enp0s3  |   UG  |
[   20.423379] cloud-init[932]: ci-info: |   1   |   10.0.2.0  | 0.0.0.0  | 255.255.255.0 |   enp0s3  |   U   |
[   20.423717] cloud-init[932]: ci-info: +-------+-------------+----------+---------------+-----------+-------+
[   20.424103] cloud-init[932]: ci-info: +++++++++++++++++++Route IPv6 info+++++++++++++++++++
[   20.424678] cloud-init[932]: ci-info: +-------+-------------+---------+-----------+-------+
[   20.424962] cloud-init[932]: ci-info: | Route | Destination | Gateway | Interface | Flags |
[   20.425257] cloud-init[932]: ci-info: +-------+-------------+---------+-----------+-------+
[   20.425553] cloud-init[932]: ci-info: |   0   |  fe80::/64  |    ::   |   enp0s3  |   U   |
[   20.425847] cloud-init[932]: ci-info: |   3   |   ff00::/8  |    ::   |   enp0s3  |   U   |
[   20.426145] cloud-init[932]: ci-info: +-------+-------------+---------+-----------+-------+
[   20.426462] cloud-init[932]: Generating public/private rsa key pair.
[   20.426744] cloud-init[932]: Your identification has been saved in /etc/ssh/ssh_host_rsa_key.
[   20.427028] cloud-init[932]: Your public key has been saved in /etc/ssh/ssh_host_rsa_key.pub.
[   20.427319] cloud-init[932]: The key fingerprint is:
[   20.427614] cloud-init[932]: SHA256:8YZvCjignDT0+G67+D9A35J8Bi/iTZQiVFIbY6mMZHs root@ubuntu-xenial
[   20.427906] cloud-init[932]: The key's randomart image is:
[   20.428517] cloud-init[932]: +---[RSA 2048]----+
[   20.428814] cloud-init[932]: | .o*.            |
[   20.429102] cloud-init[932]: | +o.+            |
[   20.429397] cloud-init[932]: |*.o.  . .        |
[   20.429689] cloud-init[932]: |o=oE +   +       |
[   20.429983] cloud-init[932]: | +=.= = S o      |
[   20.430277] cloud-init[932]: |o.++ O = o       |
[   20.430579] cloud-init[932]: |.o..B *   o      |
[   20.430869] cloud-init[932]: |  oo + . o       |
[   20.431160] cloud-init[932]: | .o=+.. .        |
[   20.431455] cloud-init[932]: +----[SHA256]-----+
[   20.431749] cloud-init[932]: Generating public/private dsa key pair.
[   20.432044] cloud-init[932]: Your identification has been saved in /etc/ssh/ssh_host_dsa_key.
[   20.432674] cloud-init[932]: Your public key has been saved in /etc/ssh/ssh_host_dsa_key.pub.
[[0;32m  OK  [0m] Reached target Network is Online.
[   20.432956] cloud-init[932]: The key fingerprint is:
[   20.481161] cloud-init[932]: SHA256:fjBn0vGyqXHkP5HBHUOtM3BSfGn/+nzl/T9OJzW+ApQ root@ubuntu-xenial
[   20.484933] cloud-init[932]: The key's randomart image is:
[   20.492377] cloud-init[932]: +---[DSA 1024]----+
[   20.493859] cloud-init[932]: |             +o..|
[   20.495321] cloud-init[932]: |            o =oo|
[   20.497393] cloud-init[932]: |          ...=.=.|
[   20.497785] cloud-init[932]: |         . Eo = .|
         Starting iSCSI initiator daemon (iscsid)...
[   20.498020] cloud-init[932]: |        S B .o +o|
[   20.502051] cloud-init[932]: |       . O =o ..+|
[   20.502263] cloud-init[932]: |        o * ...=+|
[   20.502500] cloud-init[932]: |         = ...o+*|
[   20.502982] cloud-init[932]: |        .   ..o+X|
[   20.503212] cloud-init[932]: +----[SHA256]-----+
[   20.503451] cloud-init[932]: Generating public/private ecdsa key pair.
[   20.503681] cloud-init[932]: Your identification has been saved in /etc/ssh/ssh_host_ecdsa_key.
[   20.503918] cloud-init[932]: Your public key has been saved in /etc/ssh/ssh_host_ecdsa_key.pub.
[   20.504449] cloud-init[932]: The key fingerprint is:
[   20.504871] cloud-init[932]: SHA256:bR+GYEr5VlxcvePLs7LIMGYRBXi8XhwlHLo9+DB6Xz0 root@ubuntu-xenial
[   20.505085] cloud-init[932]: The key's randomart image is:
[   20.505307] cloud-init[932]: +---[ECDSA 256]---+
[   20.505535] cloud-init[932]: |        o.o=+o.. |
[   20.505756] cloud-init[932]: |       o +o+o   .|
[   20.505982] cloud-init[932]: |      o +o= .   .|
[   20.506206] cloud-init[932]: |     . + ==+   o |
[   20.506429] cloud-init[932]: |      . S*=oo . .|
[   20.506657] cloud-init[932]: |       ..o=o.... |
[   20.506878] cloud-init[932]: |       . * ....E.|
[   20.507103] cloud-init[932]: |        + = o. +.|
[   20.507326] cloud-init[932]: |           + .o.o|
[   20.507557] cloud-init[932]: +----[SHA256]-----+
[   20.507776] cloud-init[932]: Generating public/private ed25519 key pair.
[   20.507997] cloud-init[932]: Your identification has been saved in /etc/ssh/ssh_host_ed25519_key.
[   20.508490] cloud-init[932]: Your public key has been saved in /etc/ssh/ssh_host_ed25519_key.pub.
[   20.508700] cloud-init[932]: The key fingerprint is:
[   20.508839] cloud-init[932]: SHA256:qYoMQtO1XXJ74HD7YJMLxJEc4RAsx4kY2ZrteWbD9/s root@ubuntu-xenial
[   20.508986] cloud-init[932]: The key's randomart image is:
[   20.509129] cloud-init[932]: +--[ED25519 256]--+
[   20.509237] cloud-init[932]: | .= +o+++        |
[   20.509328] cloud-init[932]: | o + =+o.        |
[   20.509418] cloud-init[932]: |  + o. * =       |
[   20.509506] cloud-init[932]: | o... + B.=      |
[   20.509620] cloud-init[932]: | o..o. oSO .     |
[   20.509721] cloud-init[932]: |. .o * oo *      |
[   20.509839] cloud-init[932]: |o   + + .. .     |
[   20.509928] cloud-init[932]: |.o . .   .       |
[[0;32m  OK  [0m] Reached target Cloud-config availability.
[[0;32m  OK  [0m] Reached target System Initialization.
[   20.511622] cloud-init[932]: |  o .    .oE     |
[   20.556469] cloud-init[932]: +----[SHA256]-----+
         Starting LXD - unix socket.
[[0;32m  OK  [0m] Listening on ACPID Listen Socket.
[[0;32m  OK  [0m] Listening on UUID daemon activation socket.
[[0;32m  OK  [0m] Started ACPI Events Check.
[[0;32m  OK  [0m] Reached target Paths.
[[0;32m  OK  [0m] Listening on D-Bus System Message Bus Socket.
[[0;32m  OK  [0m] Started Daily Cleanup of Temporary Directories.
[[0;32m  OK  [0m] Started Daily apt download activities.
[[0;32m  OK  [0m] Started Daily apt upgrade and clean activities.
         Starting Socket activation for snappy daemon.
[[0;32m  OK  [0m] Reached target Timers.
[[0;32m  OK  [0m] Listening on LXD - unix socket.
[[0;32m  OK  [0m] Listening on Socket activation for snappy daemon.
[[0;32m  OK  [0m] Started iSCSI initiator daemon (iscsid).
         Starting Login to default iSCSI targets...
[[0;32m  OK  [0m] Reached target Sockets.
[[0;32m  OK  [0m] Reached target Basic System.
         Starting LXD - container startup/shutdown...
[[0;32m  OK  [0m] Started FUSE filesystem for LXC.
         Starting LSB: MD monitoring daemon...
[[0;32m  OK  [0m] Started Deferred execution scheduler.
         Starting LSB: Record successful boot for GRUB...
         Starting Accounts Service...
[[0;32m  OK  [0m] Started D-Bus System Message Bus.
[[0;32m  OK  [0m] Started Regular background program processing daemon.
         Starting System Logging Service...
         Starting Pollinate to seed the pseudo random number generator...
         Starting Login Service...
[[0;32m  OK  [0m] Started ACPI event daemon.
         Starting /etc/rc.local Compatibility...
         Starting Virtualbox guest utils...
         Starting Snappy daemon...
[[0;32m  OK  [0m] Started /etc/rc.local Compatibility.
         Starting Authenticate and Authorize Users to Run Privileged Tasks...
[[0;32m  OK  [0m] Started Login to default iSCSI targets.
[[0;32m  OK  [0m] Reached target Remote File Systems (Pre).
[[0;32m  OK  [0m] Reached target Remote File Systems.
         Starting LSB: automatic crash report generation...
         Starting LSB: daemon to balance interrupts for SMP systems...
         Starting Permit User Sessions...
         Starting LSB: Set the CPU Frequency Scaling governor to "ondemand"...
[[0;32m  OK  [0m] Started System Logging Service.
[[0;32m  OK  [0m] Started LSB: MD monitoring daemon.
[[0;32m  OK  [0m] Started LSB: Record successful boot for GRUB.
[[0;32m  OK  [0m] Started Permit User Sessions.
[[0;32m  OK  [0m] Started Login Service.
[[0;32m  OK  [0m] Started Authenticate and Authorize Users to Run Privileged Tasks.
[[0;32m  OK  [0m] Started Accounts Service.
[[0;32m  OK  [0m] Started Unattended Upgrades Shutdown.
         Starting Hold until boot process finishes up...
         Starting Terminate Plymouth Boot Screen...
[[0;32m  OK  [0m] Started LSB: Set the CPU Frequency Scaling governor to "ondemand".
[[0;32m  OK  [0m] Started Hold until boot process finishes up.
[[0;32m  OK  [0m] Started LSB: automatic crash report generation.
[[0;32m  OK  [0m] Started Terminate Plymouth Boot Screen.
         Starting Set console scheme...
[[0;32m  OK  [0m] Started Getty on tty1.
[[0;32m  OK  [0m] Started Serial Getty on ttyS0.
[[0;32m  OK  [0m] Reached target Login Prompts.
[[0;32m  OK  [0m] Started Set console scheme.
[[0;32m  OK  [0m] Started LSB: daemon to balance interrupts for SMP systems.
[[0;32m  OK  [0m] Started Virtualbox guest utils.
[[0;32m  OK  [0m] Started LXD - container startup/shutdown.
[[0;32m  OK  [0m] Started Snappy daemon.
         Starting Wait until snapd is fully seeded...
[[0;32m  OK  [0m] Started Pollinate to seed the pseudo random number generator.
         Starting OpenBSD Secure Shell server...
[[0;32m  OK  [0m] Started OpenBSD Secure Shell server.
[[0;32m  OK  [0m] Created slice User Slice of vagrant.
         Starting User Manager for UID 1000...
[[0;32m  OK  [0m] Started Session 1 of user vagrant.
[[0;32m  OK  [0m] Started User Manager for UID 1000.
[[0;32m  OK  [0m] Started Wait until snapd is fully seeded.
         Starting Apply the settings specified in cloud-config...
[[0;32m  OK  [0m] Reached target Multi-User System.
[[0;32m  OK  [0m] Reached target Graphical Interface.
         Starting Update UTMP about System Runlevel Changes...
[[0;32m  OK  [0m] Started Update UTMP about System Runlevel Changes.
[   27.874225] cloud-init[1299]: Generating locales (this might take a while)...

Ubuntu 16.04.6 LTS ubuntu-xenial ttyS0

ubuntu-xenial login: [   29.912325] cloud-init[1299]:   en_US.UTF-8... done
[   29.913791] cloud-init[1299]: Generation complete.
[   30.690177] cloud-init[1299]: Cloud-init v. 19.1-1-gbaa47854-0ubuntu1~16.04.1 running 'modules:config' at Thu, 22 Aug 2019 15:53:18 +0000. Up 27.43 seconds.
ci-info: no authorized ssh keys fingerprints found for user ubuntu.
<14>Aug 22 15:53:22 ec2: 
<14>Aug 22 15:53:22 ec2: #############################################################
<14>Aug 22 15:53:22 ec2: -----BEGIN SSH HOST KEY FINGERPRINTS-----
<14>Aug 22 15:53:22 ec2: 1024 SHA256:fjBn0vGyqXHkP5HBHUOtM3BSfGn/+nzl/T9OJzW+ApQ root@ubuntu-xenial (DSA)
<14>Aug 22 15:53:22 ec2: 256 SHA256:bR+GYEr5VlxcvePLs7LIMGYRBXi8XhwlHLo9+DB6Xz0 root@ubuntu-xenial (ECDSA)
<14>Aug 22 15:53:22 ec2: 256 SHA256:qYoMQtO1XXJ74HD7YJMLxJEc4RAsx4kY2ZrteWbD9/s root@ubuntu-xenial (ED25519)
<14>Aug 22 15:53:22 ec2: 2048 SHA256:8YZvCjignDT0+G67+D9A35J8Bi/iTZQiVFIbY6mMZHs root@ubuntu-xenial (RSA)
<14>Aug 22 15:53:22 ec2: -----END SSH HOST KEY FINGERPRINTS-----
<14>Aug 22 15:53:22 ec2: #############################################################
-----BEGIN SSH HOST KEY KEYS-----
ecdsa-sha2-nistp256 AAAAE2VjZHNhLXNoYTItbmlzdHAyNTYAAAAIbmlzdHAyNTYAAABBBIVKqSP9/yLyddnbHdXVMk9gRqol51wt3+9ubv4SZkky4Xy7X3pxsMOJAGLHt8/7EQZs+hY7nPig2HGaTog0nR8= root@ubuntu-xenial
ssh-ed25519 AAAAC3NzaC1lZDI1NTE5AAAAINe/XWh7QovpLnmqhz5Dd70W3eWMD1UGdu4nu365wrUt root@ubuntu-xenial
ssh-rsa AAAAB3NzaC1yc2EAAAADAQABAAABAQC9S6b6DwY5PiLuPzNiDOgF6et9Cxyu5rtKaGGRpxjQHJ5gEHnjno/6yK7l/jA0wJEauZC3+rgxIEdBjAT69G76PKUdXf9wlT6VXMojobVJzYStvaQ48mgbH5IsWJ/mk9fnzKkgORLKIT/7Q+HW8HbRWeJKdRZiMTnmHwegkecbt7B/hjVZ3obkcnVoHT+Di6hWjKBWpQv4Iz6GSeql+CAychnGNawg1izg66rjmhO8/QtFqqOICmy6MyL0M2/92URHqc/Ae4cSK844r31zqFdF9aWYnEakacsK64YFOKRpeBNZ3ksd0jvxdc7aLWcNREhWNTUuvs5gEcjtPj+xqRjZ root@ubuntu-xenial
-----END SSH HOST KEY KEYS-----
[   31.295018] cloud-init[1451]: Cloud-init v. 19.1-1-gbaa47854-0ubuntu1~16.04.1 running 'modules:final' at Thu, 22 Aug 2019 15:53:22 +0000. Up 31.09 seconds.
[   31.295310] cloud-init[1451]: ci-info: no authorized ssh keys fingerprints found for user ubuntu.
[   31.295512] cloud-init[1451]: Cloud-init v. 19.1-1-gbaa47854-0ubuntu1~16.04.1 finished at Thu, 22 Aug 2019 15:53:22 +0000. Datasource DataSourceNoCloud [seed=/dev/sdb][dsmode=net].  Up 31.28 seconds
