[  0.000000] Initiizg cgroup subsys us
[    0.000000]nializing cgroup ssy cpu
[  000000] Initializing cgroup subsys cpuacct
[    0.000000] Linux version 4.4.0-154-generic (buildd@lgw01-amd64-049) (gcc version 5.4.0 20160609 (Ubuntu 5.4.0-6ubuntu1~16.04.10) ) #181-Ubuntu SMP Tue Jun 25 05:29:03 UTC 2019 (Ubuntu 4.4.0-154.181-generic 4.4.179)
[    0.000000] Command line: BOOT_IMAGE=/boot/vmlinuz-4.4.0-154-generic root=LABEL=cloudimg-rootfs ro console=tty1 console=ttyS0
[    0.000000] KERNEL supported cpus:
[    0.000000]   Intel GenuineIntel
[    0.000000]   AMD AuthenticAMD
[    0.000000]   Centaur CentaurHauls
[    0.000000] x86/fpu: xstate_offset[2]:  576, xstate_sizes[2]:  256
[    0.000000] x86/fpu: Supporting XSAVE feature 0x01: 'x87 floating point registers'
[    0.000000] x86/fpu: Supporting XSAVE feature 0x02: 'SSE registers'
[    0.000000] x86/fpu: Supporting XSAVE feature 0x04: 'AVX registers'
[    0.000000] x86/fpu: Enabled xstate features 0x7, context size is 832 bytes, using 'standard' format.
[    0.000000] e820: BIOS-provided physical RAM map:
[    0.000000] BIOS-e820: [mem 0x0000000000000000-0x000000000009fbff] usable
[    0.000000] BIOS-e820: [mem 0x000000000009fc00-0x000000000009ffff] reserved
[    0.000000] BIOS-e820: [mem 0x00000000000f0000-0x00000000000fffff] reserved
[    0.000000] BIOS-e820: [mem 0x0000000000100000-0x000000003ffeffff] usable
[    0.000000] BIOS-e820: [mem 0x000000003fff0000-0x000000003fffffff] ACPI data
[    0.000000] BIOS-e820: [mem 0x00000000fec00000-0x00000000fec00fff] reserved
[    0.000000] BIOS-e820: [mem 0x00000000fee00000-0x00000000fee00fff] reserved
[    0.000000] BIOS-e820: [mem 0x00000000fffc0000-0x00000000ffffffff] reserved
[    0.000000] NX (Execute Disable) protection: active
[    0.000000] SMBIOS 2.5 present.
[    0.000000] Hypervisor detected: KVM
[    0.000000] e820: last_pfn = 0x3fff0 max_arch_pfn = 0x400000000
[    0.000000] MTRR: Disabled
[    0.000000] x86/PAT: MTRRs disabled, skipping PAT initialization too.
[    0.000000] CPU MTRRs all blank - virtualized system.
[    0.000000] x86/PAT: Configuration [0-7]: WB  WT  UC- UC  WB  WT  UC- UC  
[    0.000000] found SMP MP-table at [mem 0x0009fff0-0x0009ffff] mapped at [ffff88000009fff0]
[    0.000000] Scanning 1 areas for low memory corruption
[    0.000000] RAMDISK: [mem 0x362fa000-0x37174fff]
[    0.000000] ACPI: Early table checksum verification disabled
[    0.000000] ACPI: RSDP 0x00000000000E0000 000024 (v02 VBOX  )
[    0.000000] ACPI: XSDT 0x000000003FFF0030 00003C (v01 VBOX   VBOXXSDT 00000001 ASL  00000061)
[    0.000000] ACPI: FACP 0x000000003FFF00F0 0000F4 (v04 VBOX   VBOXFACP 00000001 ASL  00000061)
[    0.000000] ACPI: DSDT 0x000000003FFF0470 0021FF (v02 VBOX   VBOXBIOS 00000002 INTL 20180105)
[    0.000000] ACPI: FACS 0x000000003FFF0200 000040
[    0.000000] ACPI: FACS 0x000000003FFF0200 000040
[    0.000000] ACPI: APIC 0x000000003FFF0240 00005C (v02 VBOX   VBOXAPIC 00000001 ASL  00000061)
[    0.000000] ACPI: SSDT 0x000000003FFF02A0 0001CC (v01 VBOX   VBOXCPUT 00000002 INTL 20180105)
[    0.000000] No NUMA configuration found
[    0.000000] Faking a node at [mem 0x0000000000000000-0x000000003ffeffff]
[    0.000000] NODE_DATA(0) allocated [mem 0x3ffeb000-0x3ffeffff]
[    0.000000] kvm-clock: Using msrs 4b564d01 and 4b564d00
[    0.000000] kvm-clock: cpu 0, msr 0:3ffe3001, primary cpu clock
[    0.000000] kvm-clock: using sched offset of 3463673051 cycles
[    0.000000] clocksource: kvm-clock: mask: 0xffffffffffffffff max_cycles: 0x1cd42e4dffb, max_idle_ns: 881590591483 ns
[    0.000000] Zone ranges:
[    0.000000]   DMA      [mem 0x0000000000001000-0x0000000000ffffff]
[    0.000000]   DMA32    [mem 0x0000000001000000-0x000000003ffeffff]
[    0.000000]   Normal   empty
[    0.000000]   Device   empty
[    0.000000] Movable zone start for each node
[    0.000000] Early memory node ranges
[    0.000000]   node   0: [mem 0x0000000000001000-0x000000000009efff]
[    0.000000]   node   0: [mem 0x0000000000100000-0x000000003ffeffff]
[    0.000000] Initmem setup node 0 [mem 0x0000000000001000-0x000000003ffeffff]
[    0.000000] ACPI: PM-Timer IO Port: 0x4008
[    0.000000] IOAPIC[0]: apic_id 2, version 32, address 0xfec00000, GSI 0-23
[    0.000000] ACPI: INT_SRC_OVR (bus 0 bus_irq 0 global_irq 2 dfl dfl)
[    0.000000] ACPI: INT_SRC_OVR (bus 0 bus_irq 9 global_irq 9 low level)
[    0.000000] Using ACPI (MADT) for SMP configuration information
[    0.000000] smpboot: Allowing 2 CPUs, 0 hotplug CPUs
[    0.000000] PM: Registered nosave memory: [mem 0x00000000-0x00000fff]
[    0.000000] PM: Registered nosave memory: [mem 0x0009f000-0x0009ffff]
[    0.000000] PM: Registered nosave memory: [mem 0x000a0000-0x000effff]
[    0.000000] PM: Registered nosave memory: [mem 0x000f0000-0x000fffff]
[    0.000000] e820: [mem 0x40000000-0xfebfffff] available for PCI devices
[    0.000000] Booting paravirtualized kernel on KVM
[    0.000000] clocksource: refined-jiffies: mask: 0xffffffff max_cycles: 0xffffffff, max_idle_ns: 7645519600211568 ns
[    0.000000] setup_percpu: NR_CPUS:512 nr_cpumask_bits:512 nr_cpu_ids:2 nr_node_ids:1
[    0.000000] PERCPU: Embedded 34 pages/cpu @ffff88003fc00000 s99480 r8192 d31592 u1048576
[    0.000000] Built 1 zonelists in Node order, mobility grouping on.  Total pages: 257912
[    0.000000] Policy zone: DMA32
[    0.000000] Kernel command line: BOOT_IMAGE=/boot/vmlinuz-4.4.0-154-generic root=LABEL=cloudimg-rootfs ro console=tty1 console=ttyS0
[    0.000000] PID hash table entries: 4096 (order: 3, 32768 bytes)
[    0.000000] Memory: 997732K/1048120K available (8613K kernel code, 1335K rwdata, 4028K rodata, 1484K init, 1284K bss, 50388K reserved, 0K cma-reserved)
[    0.000000] SLUB: HWalign=64, Order=0-3, MinObjects=0, CPUs=2, Nodes=1
[    0.000000] Kernel/User page tables isolation: enabled
[    0.000000] Hierarchical RCU implementation.
[    0.000000] 	Build-time adjustment of leaf fanout to 64.
[    0.000000] 	RCU restricting CPUs from NR_CPUS=512 to nr_cpu_ids=2.
[    0.000000] RCU: Adjusting geometry for rcu_fanout_leaf=64, nr_cpu_ids=2
[    0.000000] NR_IRQS:33024 nr_irqs:440 16
[    0.000000] Console: colour VGA+ 80x25
[    0.000000] console [tty1] enabled
[    0.000000] console [ttyS0] enabled
[    0.000000] tsc: Detected 3192.746 MHz processor
[    0.642610] Calibrating delay loop (skipped) preset value.. 6385.49 BogoMIPS (lpj=12770984)
[    0.643932] pid_max: default: 32768 minimum: 301
[    0.644646] ACPI: Core revision 20150930
[    0.646070] ACPI: 2 ACPI AML tables successfully acquired and loaded
[    0.647119] Security Framework initialized
[    0.647770] Yama: becoming mindful.
[    0.648388] AppArmor: AppArmor initialized
[    0.649133] Dentry cache hash table entries: 131072 (order: 8, 1048576 bytes)
[    0.650767] Inode-cache hash table entries: 65536 (order: 7, 524288 bytes)
[    0.655166] Mount-cache hash table entries: 2048 (order: 2, 16384 bytes)
[    0.656137] Mountpoint-cache hash table entries: 2048 (order: 2, 16384 bytes)
[    0.657244] Initializing cgroup subsys io
[    0.657896] Initializing cgroup subsys memory
[    0.658629] Initializing cgroup subsys devices
[    0.659319] Initializing cgroup subsys freezer
[    0.660010] Initializing cgroup subsys net_cls
[    0.660719] Initializing cgroup subsys perf_event
[    0.768511] Initializing cgroup subsys net_prio
[    0.769213] Initializing cgroup subsys hugetlb
[    0.769929] Initializing cgroup subsys pids
[    0.770915] mce: CPU supports 0 MCE banks
[    0.771578] Last level iTLB entries: 4KB 512, 2MB 8, 4MB 8
[    0.772386] Last level dTLB entries: 4KB 512, 2MB 32, 4MB 32, 1GB 0
[    0.941096] Spectre V2 : Mitigation: Full generic retpoline
[    1.039987] Spectre V2 : Spectre v2 / SpectreRSB mitigation: Filling RSB on context switch
[    1.282669] Speculative Store Bypass: Vulnerable
[    1.422550] MDS: Vulnerable: Clear CPU buffers attempted, no microcode
[    1.616961] Freeing SMP alternatives memory: 36K
[    1.726959] ftrace: allocating 32299 entries in 127 pages
[    1.920032] smpboot: APIC(0) Converting physical 0 to logical package 0
[    2.030470] smpboot: Max logical packages: 1
[    2.031403] x2apic enabled
[    2.032121] Switched APIC routing to physical x2apic.
[    2.033897] ..TIMER: vector=0x30 apic1=0 pin1=2 apic2=-1 pin2=-1
[    2.142325] smpboot: CPU0: Intel(R) Core(TM) i5-3470 CPU @ 3.20GHz (family: 0x6, model: 0x3a, stepping: 0x9)
[    2.412362] Performance Events: unsupported p6 CPU model 58 no PMU driver, software events only.
[    2.675941] KVM setup paravirtual spinlock
[    2.797890] x86: Booting SMP configuration:
[    2.919108] .... node  #0, CPUs:      #1
[    3.027820] kvm-clock: cpu 1, msr 0:3ffe3041, secondary cpu clock
[    3.150277] mce: CPU supports 0 MCE banks
[    3.332302] x86: Booted up 1 node, 2 CPUs
[    3.442256] smpboot: Total of 2 processors activated (12770.98 BogoMIPS)
[    3.635395] devtmpfs: initialized
[    3.732878] evm: security.selinux
[    3.820682] evm: security.SMACK64
[    3.915775] evm: security.SMACK64EXEC
[    4.025866] evm: security.SMACK64TRANSMUTE
[    4.121980] evm: security.SMACK64MMAP
[    4.164442] evm: security.ima
[    4.164994] evm: security.capability
[    4.166935] clocksource: jiffies: mask: 0xffffffff max_cycles: 0xffffffff, max_idle_ns: 7645041785100000 ns
[    4.168471] futex hash table entries: 512 (order: 3, 32768 bytes)
[    4.169462] pinctrl core: initialized pinctrl subsystem
[    4.170390] RTC time: 17:05:48, date: 08/08/19
[    4.171334] NET: Registered protocol family 16
[    4.306284] cpuidle: using governor ladder
[    4.426054] cpuidle: using governor menu
[    4.533831] PCCT header not found.
[    4.597411] ACPI: bus type PCI registered
[    4.598086] acpiphp: ACPI Hot Plug PCI Controller Driver version: 0.5
[    4.599135] PCI: Using configuration type 1 for base access
[    4.611103] ACPI: Added _OSI(Module Device)
[    4.611897] ACPI: Added _OSI(Processor Device)
[    4.612721] ACPI: Added _OSI(3.0 _SCP Extensions)
[    4.613569] ACPI: Added _OSI(Processor Aggregator Device)
[    4.615187] ACPI: Executed 1 blocks of module-level executable AML code
[    4.618630] ACPI: Interpreter enabled
[    4.619449] ACPI: (supports S0 S5)
[    4.620214] ACPI: Using IOAPIC for interrupt routing
[    4.621391] PCI: Using host bridge windows from ACPI; if necessary, use "pci=nocrs" and report a bug
[    4.627046] ACPI: PCI Root Bridge [PCI0] (domain 0000 [bus 00-ff])
[    4.628207] acpi PNP0A03:00: _OSC: OS supports [ASPM ClockPM Segments MSI]
[    4.629231] acpi PNP0A03:00: _OSC: not requesting OS control; OS requires [ExtendedConfig ASPM ClockPM MSI]
[    4.630665] acpi PNP0A03:00: fail to add MMCONFIG information, can't access extended PCI configuration space under this bridge.
[    4.632487] PCI host bridge to bus 0000:00
[    4.633135] pci_bus 0000:00: root bus resource [io  0x0000-0x0cf7 window]
[    4.634061] pci_bus 0000:00: root bus resource [io  0x0d00-0xffff window]
[    4.635039] pci_bus 0000:00: root bus resource [mem 0x000a0000-0x000bffff window]
[    4.637596] pci_bus 0000:00: root bus resource [mem 0x40000000-0xfdffffff window]
[    4.638782] pci_bus 0000:00: root bus resource [bus 00-ff]
[    4.640834] pci 0000:00:01.1: legacy IDE quirk: reg 0x10: [io  0x01f0-0x01f7]
[    4.641816] pci 0000:00:01.1: legacy IDE quirk: reg 0x14: [io  0x03f6]
[    4.642738] pci 0000:00:01.1: legacy IDE quirk: reg 0x18: [io  0x0170-0x0177]
[    4.643699] pci 0000:00:01.1: legacy IDE quirk: reg 0x1c: [io  0x0376]
[    4.660972] pci 0000:00:07.0: quirk: [io  0x4000-0x403f] claimed by PIIX4 ACPI
[    4.695361] pci 0000:00:07.0: quirk: [io  0x4100-0x410f] claimed by PIIX4 SMB
[    4.903445] ACPI: PCI Interrupt Link [LNKA] (IRQs 5 9 10 *11)
[    5.022543] ACPI: PCI Interrupt Link [LNKB] (IRQs 5 9 *10 11)
[    5.168530] ACPI: PCI Interrupt Link [LNKC] (IRQs 5 *9 10 11)
[    5.212473] ACPI: PCI Interrupt Link [LNKD] (IRQs 5 9 10 *11)
[    5.227571] ACPI: Enabled 2 GPEs in block 00 to 07
[    5.228766] vgaarb: setting as boot device: PCI:0000:00:02.0
[    5.232864] vgaarb: device added: PCI:0000:00:02.0,decodes=io+mem,owns=io+mem,locks=none
[    5.235203] vgaarb: loaded
[    5.309192] vgaarb: bridge control possible 0000:00:02.0
[    5.468480] SCSI subsystem initialized
[    5.579327] ACPI: bus type USB registered
[    5.598285] usbcore: registered new interface driver usbfs
[    5.599141] usbcore: registered new interface driver hub
[    5.599962] usbcore: registered new device driver usb
[    5.601038] PCI: Using ACPI for IRQ routing
[    5.601961] NetLabel: Initializing
[    5.602555] NetLabel:  domain hash size = 128
[    5.603277] NetLabel:  protocols = UNLABELED CIPSOv4
[    5.604427] NetLabel:  unlabeled traffic allowed by default
[    5.605455] amd_nb: Cannot enumerate AMD northbridges
[    5.606292] clocksource: Switched to clocksource kvm-clock
[    5.613181] AppArmor: AppArmor Filesystem Enabled
[  5564]npPnAC it  6.87] p:nPCPI: found 3 devic

[    6.640773] clocksource: acpi_pm: mask: 0xffffff max_cycles: 0xffffff, max_idle_ns: 2085701024 ns
[    7.356017] NET: Registered protocol family 2
[    7.356889] TCP established hash table entries: 8192 (order: 4, 65536 bytes)
[    8.065693] TCP bind hash table entries: 8192 (order: 5, 131072 bytes)
[    8.675682] TCP: Hash tables configured (established 8192 bind 8192)
[    9.115831] UDP hash table entries: 512 (order: 2, 16384 bytes)
[    9.116713] UDP-Lite hash table entries: 512 (order: 2, 16384 bytes)
[    9.117662] NET: Registered protocol family 1
[    9.118356] pci 0000:00:00.0: Limiting direct PCI/PCI transfers
[    9.119243] pci 0000:00:01.0: Activating ISA DMA hang workarounds
[    9.120228] Unpacking initramfs...
[    9.293306] Freeing initrd memory: 14828K
[   995585723] RAPL PMU detected, API unit is 2^-32 Joules, 3 fixed counters 10737418240 ms ovfl timer
[   10.565918] hw unit of domain pp0-core 2^-0 Joules
[   11.095613] hw unit of domain package 2^-0 Joules
[   11.533783] hw unit of domain pp1-gpu 2^-0 Joules
[   11.625963] clocksource: tsc: mask: 0xffffffffffffffff max_cycles: 0x2e058540c6e, max_idle_ns: 440795222505 ns
[   11.627600] platform rtc_cmos: registered platform RTC device (no PNP device found)
[   11.628921] Scanning for low memory corruption every 60 seconds
[   11.630297] audit: initializing netlink subsys (disabled)
[   11.631190] audit: type=2000 audit(1565283955.892:1): initialized
[   11.632347] Initialise system trusted keyring
[   11.633347] HugeTLB registered 2 MB page size, pre-allocated 0 pages
[   11.635503] zbud: loaded
[   11.636388] VFS: Disk quotas dquot_6.6.0
[   11.637093] VFS: Dquot-cache hash table entries: 512 (order 0, 4096 bytes)
[   11.638280] squashfs: version 4.0 (2009/01/31) Phillip Lougher
[   11.639514] fuse init (API version 7.23)
[   11.640287] Key type big_key registered
[   11.640977] Allocating IMA MOK and blacklist keyrings.
[   11.642953] Key type asymmetric registered
[   11.643634] Asymmetric key parser 'x509' registered
[   11.644435] Block layer SCSI generic (bsg) driver version 0.4 loaded (major 249)
[   11.645768] io scheduler noop registered
[   11.646419] io scheduler deadline registered (default)
[   11.647250] io scheduler cfq registered
[   11.647957] pci_hotplug: PCI Hot Plug PCI Core version: 0.5
[   11.648820] pciehp: PCI Express Hot Plug Controller Driver version: 0.4
[   11.649851] ACPI: AC Adapter [AC] (on-line)
[   11.650568] input: Power Button as /devices/LNXSYSTM:00/LNXPWRBN:00/input/input0
[   11.651790] ACPI: Power Button [PWRF]
[   11.652479] input: Sleep Button as /devices/LNXSYSTM:00/LNXSLPBN:00/input/input1
[   11.653649] ACPI: Sleep Button [SLPF]
[   11.654468] GHES: HEST is not enabled!
[   11.655176] Serial: 8250/16550 driver, 32 ports, IRQ sharing enabled
[   11.677659] 00:02: ttyS0 at I/O 0x3f8 (irq = 4, base_baud = 115200) is a 16550A
[   12.276924] Linux agpgart interfacevv0.103
[   12.607371] loop: module loaded
[   12.916237] scsi host0: ata_piix
[   13.275743] scsi host1: aaa_piix
[   13.625607] ata1: PATA max UDMA/33 cmd 0x1f0 ctl 0x3f6 bmdma 0xd000 irq 14
[   13.746129] ata2: PATA max UDMA/33 cmd 0x170 ctl 0x376 bmdma 0xd008 irq 15
[   14.025918] libphy: Fixed MDIO Bus: probed
[   14.246859] tun: Universal TUN/TAP device driver, 1.6
[   14.252017] tun: (C) 1999-2004 Max Krasnyansky <maxk@qualcomm.com>
[   14.254916] PPP generic driver version 2.4.2
[   14.255707] ehci_hcd: USB 2.0 'Enhanced' Host Controller (EHCI) Driver
[   14.256676] ehci-pci: EHCI PCI platform driver
[   14.257405] ehci-platform: EHCI generic platform driver
[   14.258212] ohci_hcd: USB 1.1 'Open' Host Controller (OHCI) Driver
[   14.259145] ohci-pci: OHCI PCI platform driver
[   14.259868] ohci-platform: OHCI generic platform driver
[   14.260675] uhci_hcd: USB Universal Host Controller Interface driver
[   14.261659] i8042: PNP: PS/2 Controller [PNP0303:PS2K,PNP0f03:PS2M] at 0x60,0x64 irq 1,12
[   14.263411] serio: i8042 KBD port at 0x60,0x64 irq 1
[   14.264507] serio: i8042 AUX port at 0x60,0x64 irq 12
[   14.265758] mousedev: PS/2 mouse device common for all mice
[   14.267462] rtc_cmos rtc_cmos: rtc core: registered rtc_cmos as rtc0
[   14.268773] rtc_cmos rtc_cmos: alarms up to one day, 114 bytes nvram
[   14.269720] i2c /dev entries driver
[   14.270443] input: AT Translated Set 2 keyboard as /devices/platform/i8042/serio0/input/input2
[   14.271837] device-mapper: uevent: version 1.0.3
[   14.272711] device-mapper: ioctl: 4.34.0-ioctl (2015-10-28) initialised: dm-devel@redhat.com
[   14.274024] ledtrig-cpu: registered to indicate activity on CPUs
[   14.275875] NET: Registered protocol family 10
[   14.276909] NET: Registered protocol family 17
[   14.277640] Key type dns_resolver registered
[   14.278550] registered taskstats version 1
[   14.279276] Loading compiled-in X.509 certificates
[   14.280648] Loaded X.509 cert 'Build time autogenerated kernel key: 65139e04a67245b562a838c28b5e7032abdd4348'
[   14.282159] zswap: loaded using pool lzo/zbud
[   14.284742] Key type trusted registered
[   14.289378] Key type encrypted registered
[   14.290069] AppArmor: AppArmor sha1 policy hashing enabled
[   14.290919] ima: No TPM chip found, activating TPM-bypass!
[   14.291749] ima: Allocated hash algorithm: sha1
[   14.292495] evm: HMAC attrs: 0x1
[   14.293302]   Magic number: 15:927:86
[   14.294033] rtc_cmos rtc_cmos: setting system clock to 2019-08-08 17:05:58 UTC (1565283958)
[   14.295556] BIOS EDD facility v0.16 2004-Jun-25, 0 devices found
[   14.296451] EDD information not available.
[   14.404455] Freeing unused kernel memory: 1484K
[   14.765100] Write protecting the kernel read-only data: 14336k
[   14.768421] Freeing unused kernel memory: 1616K
[   14.769359] Freeing unused kernel memory: 68K
Loading, please wait...
startin[   14.784190] random: systemd-udevd: uninitialized urandom read (16 bytes read, 2 bits of entropy available)
g version 229
[   14.785135] random: udevadm: uninitialized urandom read (16 bytes read, 2 bits of entropy available)
[   14.785157] random: udevadm: uninitialized urandom read (16 bytes read, 2 bits of entropy available)
[   14.795463] random: udevadm: uninitialized urandom read (16 bytes read, 2 bits of entropy available)
[   14.795507] random: udevadm: uninitialized urandom read (16 bytes read, 2 bits of entropy available)
[   14.795653] random: udevadm: uninitialized urandom read (16 bytes read, 2 bits of entropy available)
[   14.795707] random: udevadm: uninitialized urandom read (16 bytes read, 2 bits of entropy available)
[   14.795763] random: udevadm: uninitialized urandom read (16 bytes read, 2 bits of entropy available)
[   14.795819] random: udevadm: uninitialized urandom read (16 bytes read, 2 bits of entropy available)
[   14.795871] random: udevadm: uninitialized urandom read (16 bytes read, 2 bits of entropy available)
[   15.650971] e1000: Intel(R) PRO/1000 Network Driver - version 7.3.21-k8-NAPI
[   16.185768] e1000: Copyright (c) 1999-2006 Intel Corporation.
[   16.185873] Fusion MPT base driver 3.04.20
[   16.185874] Copyright (c) 1999-2008 LSI Corporation
[   16.969249] Fusion MPT SPI Host driver 3.04.20
[   16.970683] mptbase: ioc0: Initiating bringup
[   16.992748] AVX version of gcm_enc/dec engaged.
[   17.114745] AES CTR mode by8 optimization enabled
[   17.162552] ioc0: LSI53C1030 A0: Capabilities={Initiator}
[   17.171915] input: ImExPS/2 Generic Explorer Mouse as /devices/platform/i8042/serio1/input/input4
[   17.325400] scsi host2: ioc0: LSI53C1030 A0, FwRev=00000000h, Ports=1, MaxQ=256, IRQ=20
[   18.120522] scsi 2:0:0:0: Direct-Access     VBOX     HARDDISK         1.0  PQ: 0 ANSI: 5
[   18.358926] scsi target2:0:0: Beginning Domain Validation
[   18.523566] scsi target2:0:0: Domain Validation skipping write tests
[   18.525645] scsi target2:0:0: Ending Domain Validation
[   18.526511] scsi target2:0:0: asynchronous
[   18.534393] scsi 2:0:1:0: Direct-Access     VBOX     HARDDISK         1.0  PQ: 0 ANSI: 5
[   18.535758] scsi target2:0:1: Beginning Domain Validation
[   18.537377] scsi target2:0:1: Domain Validation skipping write tests
[   18.538329] scsi target2:0:1: Ending Domain Validation
[   18.539191] scsi target2:0:1: asynchronous
[   18.563201] sd 2:0:0:0: Attached scsi generic sg0 type 0
[   18.573364] sd 2:0:0:0: [sda] 20971520 512-byte logical blocks: (10.7 GB/10.0 GiB)
[   18.610139] sd 2:0:1:0: [sdb] 20480 512-byte logical blocks: (10.5 MB/10.0 MiB)
[   18.611660] sd 2:0:1:0: Attached scsi generic sg1 type 0
[   18.612545] sd 2:0:1:0: [sdb] Write Protect is off
[   18.613469] sd 2:0:1:0: [sdb] Incomplete mode parameter data
[   18.614398] sd 2:0:1:0: [sdb] Assuming drive cache: write through
[   18.615799] sd 2:0:0:0: [sda] Write Protect is off
[   18.616774] sd 2:0:0:0: [sda] Incomplete mode parameter data
[   18.617668] sd 2:0:0:0: [sda] Assuming drive cache: write through
[   18.644871]  sda: sda1
[   18.646100] sd 2:0:0:0: [sda] Attached SCSI disk
[   18.655398] sd 2:0:1:0: [sdb] Attached SCSI disk
[   18.838611] e1000 0000:00:03.0 eth0: (PCI:33MHz:32-bit) 02:1e:e5:6d:71:21
[   19.035194] e1000 0000:00:03.0 eth0: Intel(R) PRO/1000 Network Connection
[   19.153540] e1000 0000:00:03.0 enp0s3: renamed from eth0
Begin: Loading e[   20.618915] md: linear personality registered for level -1
ssential drivers[   20.792612] md: multipath personality registered for level -4
 ... [   20.974873] md: raid0 personality registered for level 0
[   21.113395] md: raid1 personality registered for level 1
[   21.298895] raid6: sse2x1   gen()  9414 MB/s
[   21.815264] raid6: sse2x1   xor()  8016 MB/s
[   22.205302] raid6: sse2x2   gen() 13250 MB/s
[   22.345267] raid6: sse2x2   xor()  8372 MB/s
[   22.805305] raid6: sse2x4   gen() 15432 MB/s
[   23.348448] raid6: sse2x4   xor()  8723 MB/s
[   23.765667] raid6: using algorithm sse2x4 gen() 15432 MB/s
[   23.766540] raid6: .... xor() 8723 MB/s, rmw enabled
[   23.767320] raid6: using ssse3x2 recovery algorithm
[   23.769489] xor: automatically using best checksumming function:
[   23.810321]    avx       : 23201.000 MB/sec
[   23.893757] async_tx: api initialized (async)
[   24.376131] md: raid6 personality registered for level 6
[   24.845684] md: raid5 personality registered for level 5
[   25.125852] md: raid4 personality registered for level 4
[   25.133265] md: raid10 personality registered for level 10
done.
Begin: Running /scripts/init-premount ... done.
Begin: Mounting root file system ... Begin: Running /scripts/local-top ... done.
Begin: Running /scripts/local-premount ... [   25.167645] Btrfs loaded
Scanning for Btrfs filesystems
done.
Warning: fsck not present, so skipping root file system
[   25.509914] EXT4-fs (sda1): mounted filesystem with ordered data mode. Opts: (null)
done.
Begin: Running /scripts/local-bottom ... done.
Begin: Running /scripts/init-bottom ... done.
[   26.218918] systemd[1]: systemd 229 running in system mode. (+PAM +AUDIT +SELINUX +IMA +APPARMOR +SMACK +SYSVINIT +UTMP +LIBCRYPTSETUP +GCRYPT +GNUTLS +ACL +XZ -LZ4 +SECCOMP +BLKID +ELFUTILS +KMOD -IDN)
[   26.557568] systemd[1]: Detected virtualization oracle.
[   26.558359] systemd[1]: Detected architecture x86-64.

Welcome to [1mUbuntu 16.04.6 LTS[0m!

[   26.627210] systemd[1]: Set hostname to <ubuntu>.
[   27.153599] systemd[1]: Initializing machine ID from random generator.
[   27.615820] systemd[1]:IIsstalled transient /etc/machine-id file.
[   28.355049] random: nonblocking pool is initialized
[   29.006783] systemd[1]: Listening on udev Kernel Socket.
[[0;32m  OK  [0m] Listening on udev Kernel Socket.
[   29.128779] systemd[1]: Listening on LVM2 poll daemon socket.
[[0;32m  OK  [0m] Listening on LVM2 poll daemon socket.
[   29.130520] systemd[1]: Reached target System Time Synchronized.
[[0;32m  OK  [0m] Reached target System Time Synchronized.
[   29.132410] systemd[1]: Listening on Journal Socket (/dev/log).
[[0;32m  OK  [0m] Listening on Journal Socket (/dev/log).
[   29.134319] systemd[1]: Listening on Journal Audit Socket.
[[0;32m  OK  [0m] Listening on Journal Audit Socket.
[   29.136179] systemd[1]: Listening on Journal Socket.
[[0;32m  OK  [0m] Listening on Journal Socket.
[   29.137878] systemd[1]: Listening on Syslog Socket.
[[0;32m  OK  [0m] Listening on Syslog Socket.
[   29.139545] systemd[1]: Reached target Encrypted Volumes.
[[0;32m  OK  [0m] Reached target Encrypted Volumes.
[   29.141277] systemd[1]: Reached target Swap.
[[0;32m  OK  [0m] Reached target Swap.
[   29.142834] systemd[1]: Listening on Device-mapper event daemon FIFOs.
[[0;32m  OK  [0m] Listening on Device-mapper event daemon FIFOs.
[   29.144840] systemd[1]: Reached target User and Group Name Lookups.
[[0;32m  OK  [0m] Reached target User and Group Name Lookups.
[   29.147021] systemd[1]: Created slice System Slice.
[[0;32m  OK  [0m] Created slice System Slice.
[   29.158459] systemd[1]: Starting Nameserver information manager...
         Starting Nameserver information manager...
[   29.494599] systemd[1:: Starting Journal Service...
         Starting Journal Service...
[   29.798654] systemd[1]: Starting Remount Root and Kernel File Systems...
[   29.824606] EXT4-fs (sda1): re-mounted. Opts: (null)
         Starting Remount Root and Kernel File Systems...
[   30.138375] systemd[1]: Mounting Huge Pages File System...
         Mounting Huge Pages File System...
[   30.140633] systemd[1]: Mounting POSIX Message Queue File System...
         Mounting POSIX Message Queue File System...
[   30.142680] systemd[1]: Created slice system-serial\x2dgetty.slice.
[[0;32m  OK  [0m] Created slice system-serial\x2dgetty.slice.
[   30.152243] systemd[1]: Starting Load Kernel Modules...
         Starting Load Kernel Modules...
[   30.209678] Loading iSCSI transport class v2.0-870.
[   30.256523] systemd[1]: Starting Uncomplicated firewall...
         Starting Uncomplicated firewall...
[   30.261038] systemd[1]: Starting Create list of required static device nodes for the current kernel...
         [   30.629564] iscsi: registered transport (tcp)
Starting Create list of required st... nodes for the current kernel...
[   30.734646] systemd[1]: Listening on udev Control Socket.
[[0;32m  OK  [0m] Listening on udev Control Socket.
[   30.828281] systemd[1]: Listening on LVM2 metadata daemon socket.
[[0;32m  OK  [0m] Listening on LVM2 metadata daemon socket.
[   30.842639] systemd[1]: Starting Monitoring of LVM2 mirrors, snapshots etc. using dmeventd or progress polling...
         Starting Monitoring of LVM2 mirrors... dmeventd or progress polling...
[   31.186714] systemd[1]: Started Trigger resolvconf update for networkd DNS.
[[0;32m  OK  [0m] Started Trigger resolvconf update for networkd DNS.
[   31.547083] systemd[1]: Created slice User and Session Slice.
[   31.819749] iscsi: registered transport (iser)
[[0;32m  OK  [0m] Created slice User and Session Slice.
[   31.882515] systemd[1]: Reached target Slices.
[[0;32m  OK  [0m] Reached target Slices.
[   32.354667] systemd[1]: Starting Set console keymap...
         Starting Set console keymap...
[   32.806841] systemd[1]: Set up automount Arbitrary Executable File Formats File System Automount Point.
[[0;32m  OK  [0m] Set up automount Arbitrary Executab...ats File System Automount Point.
[   32.901103] systemd[1]: Listening on /dev/initctl Compatibility Named Pipe.
[[0;32m  OK  [0m] Listening on /dev/initctl Compatibility Named Pipe.
[   33.646551] systemd[1]: Mounting Debug File System...
         Mounting Debug File Systtm...
[   34.146653] systemd[1]: Started Forward Password Requests to Wall Directory Watch.
[[0;32m  OK  [0m] Started Forward Password Requests to Wall Directory Watch.
[   35.052056] systemd[1]: Mounted POSIX Message Queue File System.
[[0;32m  OK  [0m] Mounted POSIX Message Queue File System.
[   35.127174] systemd[1]: Mounted Huge Pages File System.
[[0;32m  OK  [0m] Mounted Huge Pages File System.
[   35.128919] systemd[1]: Mounted Debug File System.
[[0;32m  OK  [0m] Mounted Debug File System.
[   35.130607] systemd[1]: Started Journal Service.
[[0;32m  OK  [0m] Started Journal Service.
[[0;32m  OK  [0m] Started Remount Root and Kernel File Systems.
[[0;32m  OK  [0m] Started Load Kernel Modules.
[[0;32m  OK  [0m] Started Uncomplicated firewall.
[[0;32m  OK  [0m] Started Create list of required sta...ce nodes for the current kernel.
[[0;32m  OK  [0m] Started Set console keymap.
[[0;32m  OK  [0m] Started Nameserver information manager.
[[0;32m  OK  [0m] Started LVM2 metadata daemon.
         Starting Create Static Device Nodes in /dev...
         Starting Apply Kernel Variables...
         Mounting FUSE Control File System...
         Starting Load/Save Random Seed...
         Starting udev Coldplug all Devices...
         Starting Flush Journal to Persistent Storage...
[[0;32m  OK  [0m] Mounted FUSE Control File System.
[[0;32m  OK  [0mm Started Monitoring of LVM2 mirrors,...ng dmeventd or progress polling.
[[0;32m  OK  [0m] Started Create Static Device Nodes in /dev.
[[0;32m  OK  [0m] Started Apply Kernel Variables.
[[0;32m  OK  [0m] Started Load/Save Random Seed.
[[0;32m  OK  [0m] Started udev Coldplug all Devices.
         Starting udev Kernel Device Manager...
[[0;32m  OK  [0m] Reached target Local File Systems (Pre).
[[0;32m  OK  [0m] Reached target Local File Systems.
         Starting Tell Plymouth To Write Out Runtime Data...
         Starting Initial cloud-init job (pre-networking)...
         Starting Commit a transient machine-id on disk...
         Starting Set console font and keymap...
         Starting LSB: AppArmor initialization...
[[0;32m  OK  [0m] Started udev Kernel Device Manager.
[[0;32m  OK  [0m] Started Flush Journal to Persistent Storage.
[[0;32m  OK  [0m] Started Tell Plymouth To Write Out Runtime Data.
[[0;32m  OK  [0m] Started Commit a transient machine-id on disk.
[[0;32m  OK  [0m] Found device /dev/ttyS0.
[[0;32m  OK  [0m] Listening on Load/Save RF Kill Switch Status /dev/rfkill Watch.
         Starting Create Volatile Files and Directories...
[[0;32m  OK  [0m] Started Dispatch Password Requests to Console Directory Watch.
[[0;32m  OK  [0m] Started Create Volatile Files and Directories.
         Starting Update UTMP about System Boot/Shutdown...
[[0;32m  OK  [0m] Started Update UTMP about System Boot/Shutdown.
[[0;32m  OK  [0m] Started LSB: AppArmor initialization.
[[0;32m  OK  [0m] Started Set console font and keymap.
[[0;32m  OK  [0m] Created slice system-getty.slice.
[   35.063693] cloud-init[487]: Cloud-init v. 19.1-1-gbaa47854-0ubuntu1~16.04.1 running 'init-local' at Thu, 08 Aug 2019 17:06:23 +0000. Up 34.55 seconds.
[[0;32m  OK  [0m] Started Initial cloud-init job (pre-networking).
[[0;32m  OK  [0m] Reached target Network (Pre).
         Starting Raise network interfaces...
[[0;32m  OK  [0m] Started Raise network interfaces.
[[0;32m  OK  [0m] Reached target Network.
         Starting Initial cloud-init job (metadata service crawler)...
[   37.055823] cloud-init[947]: Cloud-init v. 19.1-1-gbaa47854-0ubuntu1~16.04.1 running 'init' at Thu, 08 Aug 2019 17:06:24 +0000. Up 35.84 seconds.
[   37.144548] cloud-init[947]: ci-info: ++++++++++++++++++++++++++++++++++++++Net device info++++++++++++++++++++++++++++++++++++++
[   37.144771] cloud-init[947]: ci-info: +--------+------+----------------------------+---------------+--------+-------------------+
[[0;32m  OK  [0m] Started Initial cloud-init job (metadata service crawler).
[   37.144927] cloud-init[947]: ci-info: | Device |  Up  |          Address           |      Mask     | Scope  |     Hw-Address    |
[   37.444414] cloud-init[947]: ci-info: +--------+------+----------------------------+---------------+--------+-------------------+
[   37.444964] cloud-init[947]: ci-info: | enp0s3 | True |         10.0.2.15          | 255.255.255.0 | global | 02:1e:e5:6d:71:21 |
[[0;32m  OK  [0m] Reached target Network is Online.
[   37.445220] cloud-init[947]: ci-info: | enp0s3 | True | fe80::1e:e5ff:fe6d:7121/64 |       .       |  link  | 02:1e:e5:6d:71:21 |
[   37.763584] cloud-init[947]: ci-info: |   lo   | True |         127.0.0.1          |   255.0.0.0   |  host  |         .         |
[   37.777014] cloud-init[947]: ci-info: |   lo   | True |          ::1/128           |       .       |  host  |         .         |
[   37.884363] cloud-init[947]: ci-info: +--------+------+----------------------------+---------------+--------+-------------------+
[   37.884581] cloud-init[947]: ci-info: +++++++++++++++++++++++++++Route IPv4 info++++++++++++++++++++++++++++
         Starting iSCSI initiator daemon (iscsid)...
[   37.884677] cloud-init[947]: ci-info: +-------+-------------+----------+---------------+-----------+-------+
[   37.947129] cloud-init[947]: ci-info: | Route | Destination | Gateway  |    Genmask    | Interface | Flags |
[   37.947388] cloud-init[947]: ci-info: +-------+-------------+----------+---------------+-----------+-------+
[   37.947499] cloud-init[947]: ci-info: |   0   |   0.0.0.0   | 10.0.2.2 |    0.0.0.0    |   enp0s3  |   UG  |
[   37.947610] cloud-init[947]: ci-info: |   1   |   10.0.2.0  | 0.0.0.0  | 255.255.255.0 |   enp0s3  |   U   |
[   37.947719] cloud-init[947]: ci-info: +-------+-------------+----------+---------------+-----------+-------+
[   37.947830] cloud-init[947]: ci-info: +++++++++++++++++++Route IPv6 info+++++++++++++++++++
[   37.947939] cloud-init[947]: ci-info: +-------+-------------+---------+-----------+-------+
[   37.948177] cloud-init[947]: ci-info: | Route | Destination | Gateway | Interface | Flags |
[   37.948280] cloud-init[947]: ci-info: +-------+-------------+---------+-----------+-------+
[   37.948388] cloud-init[947]: ci-info: |   0   |  fe80::/64  |    ::   |   enp0s3  |   U   |
[   37.948497] cloud-init[947]: ci-info: |   3   |   ff00::/8  |    ::   |   enp0s3  |   U   |
[   37.948608] cloud-init[947]: ci-info: +-------+-------------+---------+-----------+-------+
[   37.948968] cloud-init[947]: Generating public/private rsa key pair.
[   37.949162] cloud-init[947]: Your identification has been saved in /etc/ssh/ssh_host_rsa_key.
[   37.949276] cloud-init[947]: Your public key has been saved in /etc/ssh/ssh_host_rsa_key.pub.
[   37.949382] cloud-init[947]: The key fingerprint is:
[   37.949493] cloud-init[947]: SHA256:hHJpV3E/I5gx7CRpK8bbnwTK7XQPlx/WtymfKrBOs8M root@ubuntu-xenial
[   37.949602] cloud-init[947]: The key's randomart image is:
[   37.949713] cloud-init[947]: +---[RSA 2048]----+
[   37.949821] cloud-init[947]: |         o=..    |
[[0;32m  OK  [0m] Reached target System Initialization.
[[   37.949929] cloud-init[947]: |       o+.o* .   |
[   38.321468] cloud-init[947]: |    ..=.o=o . +  |
[   38.321555] cloud-init[947]: |     ++oo .  . o |
[   38.321707] cloud-init[947]: |     o *S.   . . |
[   38.321862] cloud-init[947]: |      + +.+ o o o|
[   38.322029] cloud-init[947]: |       o.*o= o .+|
[   38.322342] cloud-init[947]: |        oE=....o.|
[   38.322494] cloud-init[947]: |        .o. ..+o |
[   38.322807] cloud-init[947]: +----[SHA256]-----+
[   38.322952] cloud-init[947]: Generating public/private dsa key pair.
[   38.323103] cloud-init[947]: Your identification has been saved in /etc/ssh/ssh_host_dsa_key.
[   38.323252] cloud-init[947]: Your public key has been saved in /etc/ssh/ssh_host_dsa_key.pub.
[   38.323402] cloud-init[947]: The key fingerprint is:
[   38.323558] cloud-init[947]: SHA256:kf13mn5SRD8uBd0ITa9hMs78VtPTHTcQGPdJSYbTYIs root@ubuntu-xenial
[   38.323704] cloud-init[947]: The key's randomart image is:
[   38.323854] cloud-init[947]: +---[DSA 1024]----+
[   38.324090] cloud-init[947]: |           .+XO=o|
[   38.324164] cloud-init[947]: |         o .++O=+|
[   38.324310] cloud-init[947]: |        o .Eo.=*+|
[   38.324458] cloud-init[947]: |         . = + =X|
[   38.324609] cloud-init[947]: |        S   = =+B|
[   38.324758] cloud-init[947]: |             + *+|
[   38.324906] cloud-init[947]: |              *. |
[0;32m  OK  [0m] Started Daily Cleanup of Temporary Directories.
[[   38.325069] cloud-init[947]: |             o. .|
[   38.708500] cloud-init[947]: |              .o |
[   38.708741] cloud-init[947]: +----[SHA256]-----+
[   38.708906] cloud-init[947]: Generating public/private ecdsa key pair.
[   38.709068] cloud-init[947]: Your identification has been saved in /etc/ssh/ssh_host_ecdsa_key.
[   38.709231] cloud-init[947]: Your public key has been saved in /etc/ssh/ssh_host_ecdsa_key.pub.
[   38.709394] cloud-init[947]: The key fingerprint is:
[   38.709555] cloud-init[947]: SHA256:Db40eOkqDKt4VcQvl8m2XgEIbULD3bsOzhv4OnmQ2IQ root@ubuntu-xenial
[   38.709723] cloud-init[947]: The key's randomart image is:
[   38.709885] cloud-init[947]: +---[ECDSA 256]---+
[   38.710042] cloud-init[947]: |   o+= o         |
[   38.710343] cloud-init[947]: |    o.B o        |
[   38.710472] cloud-init[947]: |   . + o.=       |
[   38.710599] cloud-init[947]: |  E . ooO+.      |
[   38.710728] cloud-init[947]: |   + o.+So..     |
[   38.710857] cloud-init[947]: |  o =..+oo.      |
[   38.710987] cloud-init[947]: |   =.=.+o.       |
[   38.711115] cloud-init[947]: |. o =.+oo        |
[   38.711244] cloud-init[947]: |oo  .=+.         |
[   38.711375] cloud-init[947]: +----[SHA256]-----+
[   38.711505] cloud-init[947]: Generating public/private ed25519 key pair.
[   38.711632] cloud-init[947]: Your identification has been saved in /etc/ssh/ssh_host_ed25519_key.
[   38.711759] cloud-init[947]: Your public key has been saved in /etc/ssh/ssh_host_ed25519_key.pub.
[   38.711887] cloud-init[947]: The key fingerprint is:
[   38.712018] cloud-init[947]: SHA256:JO2fKu4DhdZNiNk/HwH/2jYCoGjQCUDm/SgMoPHa14g root@ubuntu-xenial
[   38.712283] cloud-init[947]: The key's randomart image is:
[   38.712409] cloud-init[947]: +--[ED25519 256]--+
[   38.712534] cloud-init[947]: |Bo   + ...       |
[   38.712663] cloud-init[947]: |==..o o....      |
[   38.712793] cloud-init[947]: |+.+. oo+o ..     |
[   38.712919] cloud-init[947]: |o+ o=+o=+ ..     |
[   38.713046] cloud-init[947]: |.oEo+o. So ..    |
[   38.713179] cloud-init[947]: | ....    o.+     |
[   38.713301] cloud-init[947]: |     .    = +    |
[   38.713431] cloud-init[947]: |      o  . o .   |
[   38.713859] cloud-init[947]: |     ooo.        |
[   38.714066] cloud-init[947]: +----[SHA256]-----+
[0;32m  OK  [0m] Listening on ACPID Listen Socket.
         Starting Socket activation for snappy daemon.
[[0;32m  OK  [0m] Listening on UUID daemon activation socket.
         Starting LXD - unix socket.
[[0;32m  OK  [0m] Listening on D-Bus System Message Bus Socket.
[[0;32m  OK  [0m] Started ACPI Events Check.
[[0;32m  OK  [0m] Reached target Paths.
[[0;32m  OK  [0m] Started Daily apt download activities.
[[0;32m  OK  [0m] Started Daily apt upgrade and clean activities.
[[0;32m  OK  [0m] Reached target Timers.
[[0;32m  OK  [0m] Reached target Cloud-config availability.
[[0;32m  OK  [0m] Listening on Socket activation for snappy daemon.
[[0;32m  OK  [0m] Listening on LXD - unix socket.
[[0;32m  OK  [0m] Started iSCSI initiator daemon (iscsid).
         Starting Login to default iSCSI targets...
[[0;32m  OK  [0m] Reached target Sockets.
[[0;32m  OK  [0m] Reached target Basic System.
         Starting LSB: MD monitoring daemon...
[[0;32m  OK  [0m] Started D-Bus System Message Bus.
         Starting LSB: Record successful boot for GRUB...
[[0;32m  OK  [0m] Started ACPI event daemon.
[[0;32m  OK  [0m] Started Deferred execution scheduler.
         Starting Virtualbox guest utils...
         Starting Pollinate to seed the pseudo random number generator...
[[0;32m  OK  [0m] Started Regular background program processing daemon.
         Starting System Logging Service...
[[0;32m  OK  [0m] Started FUSE filesystem for LXC.
         Starting Login Service...
         Starting /etc/rc.local Compatibility...
         Starting LXD - container startup/shutdown...
         Starting Accounts Service...
         Starting Snappy daemon...
[[0;32m  OK  [0m] Started /etc/rc.local Compatibility.
[[0;32m  OK  [0m] Started Login Service.
[[0;32m  OK  [0m] Started Unattended Upgrades Shutdown.
[[0;32m  OK  [0m] Started System Logging Service.
[[0;32m  OK  [0m] Started LSB: MD monitoring daemon.
[[0;32m  OK  [0m] Started LSB: Record successful boot for GRUB.
[[0;32m  OK  [0m] Started Login to default iSCSI targets.
[[0;32m  OK  [0m] Reached target Remote File Systems (Pre).
[[0;32m  OK  [0m] Reached target Remote File Systems.
         Starting Permit User Sessions...
         Starting LSB: automatic crash report generation...
         Starting LSB: daemon to balance interrupts for SMP systems...
         Starting LSB: Set the CPU Frequency Scaling governor to "ondemand"...
[[0;32m  OK  [0m] Started Permit User Sessions.
         Starting Terminate Plymouth Boot Screen...
         Starting Hold until boot process finishes up...
[[0;32m  OK  [0m] Started LSB: automatic crash report generation.
[[0;32m  OK  [0m] Started Terminate Plymouth Boot Screen.
[[0;32m  OK  [0m] Started Hold until boot process finishes up.
[[0;32m  OK  [0m] Started LSB: Set the CPU Frequency Scaling governor to "ondemand".
[[0;32m  OK  [0m] Started LSB: daemon to balance interrupts for SMP systems.
         Starting Set console scheme...
[[0;32m  OK  [0m] Started Getty on tty1.
[[0;32m  OK  [0m] Started Serial Getty on ttyS0.
[[0;32m  OK  [0m] Reached target Login Prompts.
[[0;32m  OK  [0m] Started Set console scheme.
[[0;32m  OK  [0m] Started Virtualbox guest utils.
         Starting Authenticate and Authorize Users to Run Privileged Tasks...
[[0;32m  OK  [0m] Started Authenticate and Authorize Users to Run Privileged Tasks.
[[0;32m  OK  [0m] Started Accounts Service.
[[0;32m  OK  [0m] Started LXD - container startup/shutdown.
[[0;32m  OK  [0m] Started Pollinate to seed the pseudo random number generator.
         Starting OpenBSD Secure Shell server...
[[0;32m  OK  [0m] Started OpenBSD Secure Shell server.
[[0;32m  OK  [0m] Started Snappy daemon.
         Starting Wait until snapd is fully seeded...
[[0;32m  OK  [0m] Created slice User Slice of vagrant.
         Starting User Manager for UID 1000...
[[0;32m  OK  [0m] Started Session 1 of user vagrant.
[[0;32m  OK  [0m] Started User Manager for UID 1000.
[[0;32m  OK  [0m] Started Wait until snapd is fully seeded.
[[0;32m  OK  [0m] Reached target Multi-User System.
[[0;32m  OK  [0m] Reached target Graphical Interface.
         Starting Update UTMP about System Runlevel Changes...
         Starting Apply the settings specified in cloud-config...
[[0;32m  OK  [0m] Started Update UTMP about System Runlevel Changes.
[   45.689554] cloud-init[1406]: Generating locales (this might take a while)...
[   46.616827] cloud-init[1406]:   en_US.UTF-8... done
[   46.617680] cloud-init[1406]: Generation complete.

Ubuntu 16.04.6 LTS ubuntu-xenial ttyS0

ubuntu-xenial login: [   47.515652] cloud-init[1406]: Cloud-init v. 19.1-1-gbaa47854-0ubuntu1~16.04.1 running 'modules:config' at Thu, 08 Aug 2019 17:06:34 +0000. Up 45.53 seconds.
ci-info: no authorized ssh keys fingerprints found for user ubuntu.
<14>Aug  8 17:06:37 ec2: 
<14>Aug  8 17:06:37 ec2: #############################################################
<14>Aug  8 17:06:37 ec2: -----BEGIN SSH HOST KEY FINGERPRINTS-----
<14>Aug  8 17:06:37 ec2: 1024 SHA256:kf13mn5SRD8uBd0ITa9hMs78VtPTHTcQGPdJSYbTYIs root@ubuntu-xenial (DSA)
<14>Aug  8 17:06:37 ec2: 256 SHA256:Db40eOkqDKt4VcQvl8m2XgEIbULD3bsOzhv4OnmQ2IQ root@ubuntu-xenial (ECDSA)
<14>Aug  8 17:06:37 ec2: 256 SHA256:JO2fKu4DhdZNiNk/HwH/2jYCoGjQCUDm/SgMoPHa14g root@ubuntu-xenial (ED25519)
<14>Aug  8 17:06:37 ec2: 2048 SHA256:hHJpV3E/I5gx7CRpK8bbnwTK7XQPlx/WtymfKrBOs8M root@ubuntu-xenial (RSA)
<14>Aug  8 17:06:37 ec2: -----END SSH HOST KEY FINGERPRINTS-----
<14>Aug  8 17:06:37 ec2: #############################################################
-----BEGIN SSH HOST KEY KEYS-----
ecdsa-sha2-nistp256 AAAAE2VjZHNhLXNoYTItbmlzdHAyNTYAAAAIbmlzdHAyNTYAAABBBD4L6wkURBf3B2FJowhN7+pZflj9gjY5TbJk9WwuKiDgcuzQpwSoSpEc7DjMuD/qi4NYW8NCIEj/cf7BrwqTKH8= root@ubuntu-xenial
ssh-ed25519 AAAAC3NzaC1lZDI1NTE5AAAAIJMmRh9l8jR98qTKswqFSFvFmu22k8iHpJ/NfzLazAmU root@ubuntu-xenial
ssh-rsa AAAAB3NzaC1yc2EAAAADAQABAAABAQC3g7XareyumHKPwKMUrXYbqS5HKcUr/7Xg6fuw1wtYrawJK+5GPip64tDPnXoSS06K4FUpQzxTVSssvX+uJrzFK5Z/gB+SmdqGUq9vfyuM6qiTN4c6Wnwuce4KTL4u3zInnJQL0gabcivQNly0dhQAVbCMI2hePq9EQEN8Mymv10vac2kl1P0iZJAtbpyuI6n7ltUOyF2uX6xRBbp9nG8li3xyOzkkB0Q2Ro7g941SJSmjF/yG31rmvcCnbfRPMvtMv87+glUz226CGE2qM/Cv2Md8Y6A6JOiHHrdIXo/0GTY3mipeSnVFVxCvAt4wSXaqkR0o8ONo6S1e+c+wOdHx root@ubuntu-xenial
-----END SSH HOST KEY KEYS-----
[   47.974523] cloud-init[1517]: Cloud-init v. 19.1-1-gbaa47854-0ubuntu1~16.04.1 running 'modules:final' at Thu, 08 Aug 2019 17:06:36 +0000. Up 47.82 seconds.
[   47.974726] cloud-init[1517]: ci-info: no authorized ssh keys fingerprints found for user ubuntu.
[   47.974845] cloud-init[1517]: Cloud-init v. 19.1-1-gbaa47854-0ubuntu1~16.04.1 finished at Thu, 08 Aug 2019 17:06:37 +0000. Datasource DataSourceNoCloud [seed=/dev/sdb][dsmode=net].  Up 47.96 seconds
[[0;32m  OK  [0m] Closed Load          Stopping OpenBSD Secure Shell server...
         Stopping LSB: Set the CPU Frequency Scaling governor to "ondemand"...
         Stopping Regular background program processing daemon...
         Stopping LSB: Record successful boot for GRUB...
         Stopping LXD - container startup/shutdown...
[[0;32m  OK  [0m] Stopped target Timers.
[[0;32m  OK  [0m] Stopped Daily Cleanup of Temporary Directories.
[[0;32m  OK  [0m] Stopped Daily apt upgrade and clean activities.
[[0;32m  OK  [0m] Stopped Daily apt download activities.
[[0;32m  OK  [0m] Stopped target System Time Synchronized.
[[0;32m  OK  [0m] Stopped target Cloud-config availability.
         Stopping LSB: MD monitoring daemon...
         Stopping Deferred execution scheduler...
         Stopping Virtualbox guest utils...
[[0;32m  OK  [0m] Unmounted /var/lib/lxcfs.
[[0;32m  OK  [0m] Stopped ACPI event daemon.
[[0;32m  OK  [0m] Stopped Deferred execution scheduler.
[[0;32m  OK  [0m] Stopped Regular background program processing daemon.
[[0;32m  OK  [0m] Stopped System Logging Service.
[[0;32m  OK  [0m] Stopped Accounts Service.
[[0;32m  OK  [0m] Stopped Unattended Upgrades Shutdown.
[[0;32m  OK  [0m] Stopped Getty on tty1.
[[0;32m  OK  [0m] Stopped Serial Getty on ttyS0.
[[0;32m  OK  [0m] Stopped Authenticate and Authorize Users to Run Privileged Tasks.
[[0;32m  OK  [0m] Stopped OpenBSD Secure Shell server.
[[0;32m  OK  [0m] Stopped User Manager for UID 1000.
[[0;32m  OK  [0m] Stopped Session 3 of user vagrant.
[[0;32m  OK  [0m] Stopped D-Bus System Message Bus.
[[0;32m  OK  [0m] Stopped FUSE filesystem for LXC.
[[0;32m  OK  [0m] Stopped LSB: daemon to balance interrupts for SMP systems.
[[0;32m  OK  [0m] Stopped LSB: automatic crash report generation.
[[0;32m  OK  [0m] Stopped LSB: Set the CPU Frequency Scaling governor to "ondemand".
[[0;32m  OK  [0m] Stopped LSB: Record successful boot for GRUB.
[[0;32m  OK  [0m] Stopped LXD - container startup/shutdown.
[[0;32m  OK  [0m] Stopped LSB: MD monitoring daemon.
[[0;32m  OK  [0m] Stopped Virtualbox guest utils.
[[0;32m  OK  [0m] Stopped User Manager for UID 1000.
[[0;32m  OK  [0m] Removed slice User Slice of vagrant.
[[0;32m  OK  [0m] Removed slice system-serial\x2dgetty.slice.
[[0;32m  OK  [0m] Stopped /etc/rc.local Compatibility.
[[0;32m  OK  [0m] Removed slice system-getty.slice.
         Stopping Permit User Sessions...
         Stopping Login Service...
[[0;32m  OK  [0m] Stopped Permit User Sessions.
[[0;32m  OK  [0m] Stopped target Remote File Systems.
[[0;32m  OK  [0m] Stopped target Remote File Systems (Pre).
         Stopping Login to default iSCSI targets...
[[0;32m  OK  [0m] Stopped Login Service.
[[0;32m  OK  [0m] Stopped target User and Group Name Lookups.
[[0;32m  OK  [00] Stopped target Basic System.
[[0;32m  OK  [0m] Stopped target Slices.
[[0;32m  OK  [0m] Stopped target Sockets.
[[0;32m  OK  [0m] Closed LXD - unix socket.
[[0;32m  OK  [0m] Closed D-Bus System Message Bus Socket.
[[0;32m  OK  [0m] Closed ACPID Listen Socket.
[[0;32m  OK  [0m] Closed Socket activation for snappy daemon.
[[0;32m  OK  [0m] Closed UUID daemon activation socket.
[[0;32m  OK  [0m] Closed Syslog Socket.
[[0;32m  OK  [0m] Stopped target Paths.
[[0;32m  OK  [0m] Stopped Dispatch Password Requests to Console Directory Watch.
[[0;32m  OK  [0m] Stopped Forward Password Requests to Wall Directory Watch.
[[0;32m  OK  [0m] Stopped ACPI Events Check.
[[0;32m  OK  [0m] Stopped target System Initialization.
[[0;32m  OK  [0m] Stopped Commit a transient machine-id on disk.
         Stopping Load/Save Random Seed...
[[0;32m  OK  [0m] Stopped target Encrypted Volumes.
         Stopping Update UTMP about System Boot/Shutdown...
[[0;32m  OK  [0m] Stopped target Swap.
[[0;32m  OK  [0m] Removed slice User and Session Slice.
[[0;32m  OK  [0m] Stopped Load/Save Random Seed.
[[0;32m  OK  [0m] Stopped Update UTMP about System Boot/Shutdown.
[[0;32m  OK  [0m] Stopped Login to default iSCSI targets.
         Stopping iSCSI initiator daemon (iscsid)...
[[0;32m  OK  [0m] Stopped Create Volatile Files and Directories.
[[0;32m  OK  [0m] Stopped iSCSI initiator daemon (iscsid).
[[0;32m  OK  [0m] Stopped target Network is Online.
[[0;32m  OK  [0m] Stopped Initial cloud-init job (metadata service crawler).
[[0;32m  OK  [0m] Stopped target Network.
         Stopping Raise network interfaces...
[[0;32m  OK  [0m] Stopped Raise network interfaces.
[[0;32m  OK  [0m] Stopped target Network (Pre).
[[0;32m  OK  [0m] Stopped Initial cloud-init job (pre-networking).
[[0;32m  OK  [0m] Stopped Apply Kernel Variables.
[[0;32m  OK  [0m] Stopped Load Kernel Modules.
[[0;32m  OK  [0m] Stopped target Local File Systems.
         Unmounting /vagrant...
         Unmounting /run/user/1000...
[[0;32m  OK  [0m] Unmounted /vagrant.
[[0;32m  OK  [0m] Unmounted /run/user/1000.
[[0;32m  OK  [0m] Reached target Unmount All Filesystems.
[[0;32m  OK  [0m] Stopped target Local File Systems (Pre).
[[0;32m  OK  [0m] Stopped Create Static Device Nodes in /dev.
         Stopping Monitoring of LVM2 mirrors... dmeventd or progress polling...
[[0;32m  OK  [0m] Stopped Remount Root and Kernel File Systems.
[[0;32m  OK  [0m] Reached target Shutdown.
[  117.399685] reboot: Power down
